Jan 12 16:44:34 hydenix kernel: Linux version 6.18.2-zen2 (nixbld@localhost) (gcc (GCC) 14.3.0, GNU ld (GNU Binutils) 2.44) #1-NixOS ZEN SMP PREEMPT_DYNAMIC Tue Jan  1 00:00:00 UTC 1980
Jan 12 16:44:34 hydenix kernel: Command line: initrd=\EFI\nixos\2hkw8c720zmal0qyfw240wk5gvby68bb-initrd-linux-zen-6.18.2-initrd.efi init=/nix/store/pl7gjd2dkk6m9f2qmgj529ql0pwjhjmw-nixos-system-hydenix-26.05.20251229.95e96e8/init nvidia-drm.modeset=1 mem_sleep_default=deep snd_hda_intel.power_save=0 snd_hda_intel.power_save_controller=N loglevel=4 lsm=landlock,yama,bpf nvidia-drm.modeset=1 nvidia-drm.fbdev=1 nvidia.NVreg_PreserveVideoMemoryAllocations=1 nvidia.NVreg_OpenRmEnableUnsupportedGpus=1
Jan 12 16:44:34 hydenix kernel: BIOS-provided physical RAM map:
Jan 12 16:44:34 hydenix kernel: BIOS-e820: [mem 0x0000000000000000-0x000000000009efff] usable
Jan 12 16:44:34 hydenix kernel: BIOS-e820: [mem 0x000000000009f000-0x00000000000fffff] reserved
Jan 12 16:44:34 hydenix kernel: BIOS-e820: [mem 0x0000000000100000-0x0000000084424fff] usable
Jan 12 16:44:34 hydenix kernel: BIOS-e820: [mem 0x0000000084425000-0x000000008442dfff] ACPI data
Jan 12 16:44:34 hydenix kernel: BIOS-e820: [mem 0x000000008442e000-0x0000000088d57fff] usable
Jan 12 16:44:34 hydenix kernel: BIOS-e820: [mem 0x0000000088d58000-0x0000000089657fff] reserved
Jan 12 16:44:34 hydenix kernel: BIOS-e820: [mem 0x0000000089658000-0x000000009786dfff] usable
Jan 12 16:44:34 hydenix kernel: BIOS-e820: [mem 0x000000009786e000-0x0000000098d6dfff] reserved
Jan 12 16:44:34 hydenix kernel: BIOS-e820: [mem 0x0000000098d6e000-0x0000000099bcdfff] ACPI NVS
Jan 12 16:44:34 hydenix kernel: BIOS-e820: [mem 0x0000000099bce000-0x0000000099c4dfff] ACPI data
Jan 12 16:44:34 hydenix kernel: BIOS-e820: [mem 0x0000000099c4e000-0x0000000099c4efff] usable
Jan 12 16:44:34 hydenix kernel: BIOS-e820: [mem 0x0000000099c4f000-0x000000009f7fffff] reserved
Jan 12 16:44:34 hydenix kernel: BIOS-e820: [mem 0x00000000e0000000-0x00000000efffffff] reserved
Jan 12 16:44:34 hydenix kernel: BIOS-e820: [mem 0x00000000fe000000-0x00000000fe010fff] reserved
Jan 12 16:44:34 hydenix kernel: BIOS-e820: [mem 0x00000000fed10000-0x00000000fed19fff] reserved
Jan 12 16:44:34 hydenix kernel: BIOS-e820: [mem 0x00000000fed84000-0x00000000fed84fff] reserved
Jan 12 16:44:34 hydenix kernel: BIOS-e820: [mem 0x00000000fee00000-0x00000000fee00fff] reserved
Jan 12 16:44:34 hydenix kernel: BIOS-e820: [mem 0x00000000ff300000-0x00000000ffffffff] reserved
Jan 12 16:44:34 hydenix kernel: BIOS-e820: [mem 0x0000000100000000-0x000000045e7fffff] usable
Jan 12 16:44:34 hydenix kernel: NX (Execute Disable) protection: active
Jan 12 16:44:34 hydenix kernel: APIC: Static calls initialized
Jan 12 16:44:34 hydenix kernel: efi: EFI v2.7 by INSYDE Corp.
Jan 12 16:44:34 hydenix kernel: efi: ACPI=0x99c4d000 ACPI 2.0=0x99c4d014 TPMFinalLog=0x99b79000 ESRT=0x97de1018 SMBIOS=0x97de0000 SMBIOS 3.0=0x97dde000 RNG=0x99bd2f18 INITRD=0x84438818 TPMEventLog=0x84425018 
Jan 12 16:44:34 hydenix kernel: random: crng init done
Jan 12 16:44:34 hydenix kernel: efi: Remove mem75: MMIO range=[0xe0000000-0xefffffff] (256MB) from e820 map
Jan 12 16:44:34 hydenix kernel: e820: remove [mem 0xe0000000-0xefffffff] reserved
Jan 12 16:44:34 hydenix kernel: efi: Not removing mem76: MMIO range=[0xfe000000-0xfe010fff] (68KB) from e820 map
Jan 12 16:44:34 hydenix kernel: efi: Not removing mem77: MMIO range=[0xfed10000-0xfed19fff] (40KB) from e820 map
Jan 12 16:44:34 hydenix kernel: efi: Not removing mem78: MMIO range=[0xfed84000-0xfed84fff] (4KB) from e820 map
Jan 12 16:44:34 hydenix kernel: efi: Not removing mem79: MMIO range=[0xfee00000-0xfee00fff] (4KB) from e820 map
Jan 12 16:44:34 hydenix kernel: efi: Remove mem80: MMIO range=[0xff300000-0xffffffff] (13MB) from e820 map
Jan 12 16:44:34 hydenix kernel: e820: remove [mem 0xff300000-0xffffffff] reserved
Jan 12 16:44:34 hydenix kernel: SMBIOS 3.2.0 present.
Jan 12 16:44:34 hydenix kernel: DMI: Acer Nitro AN515-55/Stonic_CMS, BIOS V2.03 03/24/2021
Jan 12 16:44:34 hydenix kernel: DMI: Memory slots populated: 2/2
Jan 12 16:44:34 hydenix kernel: tsc: Detected 2500.000 MHz processor
Jan 12 16:44:34 hydenix kernel: tsc: Detected 2499.952 MHz TSC
Jan 12 16:44:34 hydenix kernel: e820: update [mem 0x00000000-0x00000fff] usable ==> reserved
Jan 12 16:44:34 hydenix kernel: e820: remove [mem 0x000a0000-0x000fffff] usable
Jan 12 16:44:34 hydenix kernel: last_pfn = 0x45e800 max_arch_pfn = 0x400000000
Jan 12 16:44:34 hydenix kernel: MTRR map: 5 entries (3 fixed + 2 variable; max 23), built from 10 variable MTRRs
Jan 12 16:44:34 hydenix kernel: x86/PAT: Configuration [0-7]: WB  WC  UC- UC  WB  WP  UC- WT  
Jan 12 16:44:34 hydenix kernel: last_pfn = 0x99c4f max_arch_pfn = 0x400000000
Jan 12 16:44:34 hydenix kernel: esrt: Reserving ESRT space from 0x0000000097de1018 to 0x0000000097de1050.
Jan 12 16:44:34 hydenix kernel: Using GB pages for direct mapping
Jan 12 16:44:34 hydenix kernel: Secure boot disabled
Jan 12 16:44:34 hydenix kernel: RAMDISK: [mem 0x7eb81000-0x80ad2fff]
Jan 12 16:44:34 hydenix kernel: ACPI: Early table checksum verification disabled
Jan 12 16:44:34 hydenix kernel: ACPI: RSDP 0x0000000099C4D014 000024 (v02 ACRSYS)
Jan 12 16:44:34 hydenix kernel: ACPI: XSDT 0x0000000099C25188 000114 (v01 ACRSYS ACRPRDCT 00000002      01000013)
Jan 12 16:44:34 hydenix kernel: ACPI: FACP 0x0000000099C24000 00010C (v05 ACRSYS ACRPRDCT 00000002 1025 00040000)
Jan 12 16:44:34 hydenix kernel: ACPI: DSDT 0x0000000099BDB000 04529B (v02 ACRSYS ACRPRDCT 00000002 1025 00040000)
Jan 12 16:44:34 hydenix kernel: ACPI: FACS 0x0000000099B64000 000040
Jan 12 16:44:34 hydenix kernel: ACPI: UEFI 0x0000000099BCD000 000236 (v01 ACRSYS ACRPRDCT 00000001 1025 00040000)
Jan 12 16:44:34 hydenix kernel: ACPI: SSDT 0x0000000099C47000 00497E (v02 ACRSYS ACRPRDCT 00001000 1025 00040000)
Jan 12 16:44:34 hydenix kernel: ACPI: SSDT 0x0000000099C46000 000100 (v02 ACRSYS ACRPRDCT 00003000 1025 00040000)
Jan 12 16:44:34 hydenix kernel: ACPI: SSDT 0x0000000099C45000 000834 (v02 ACRSYS ACRPRDCT 00003000 1025 00040000)
Jan 12 16:44:34 hydenix kernel: ACPI: SSDT 0x0000000099C42000 0020AD (v02 ACRSYS ACRPRDCT 00003000 1025 00040000)
Jan 12 16:44:34 hydenix kernel: ACPI: SSDT 0x0000000099C3E000 0031DA (v02 ACRSYS ACRPRDCT 00003000 1025 00040000)
Jan 12 16:44:34 hydenix kernel: ACPI: SSDT 0x0000000099C3B000 002C48 (v02 ACRSYS ACRPRDCT 00001000 1025 00040000)
Jan 12 16:44:34 hydenix kernel: ACPI: SSDT 0x0000000099C3A000 00045A (v02 ACRSYS ACRPRDCT 00001000 1025 00040000)
Jan 12 16:44:34 hydenix kernel: ACPI: SSDT 0x0000000099C39000 000046 (v02 ACRSYS ACRPRDCT 00003000 1025 00040000)
Jan 12 16:44:34 hydenix kernel: ACPI: TPM2 0x0000000099C38000 000034 (v03 ACRSYS ACRPRDCT 00000002 1025 00040000)
Jan 12 16:44:34 hydenix kernel: ACPI: LPIT 0x0000000099C37000 000094 (v01 ACRSYS ACRPRDCT 00000002 1025 00040000)
Jan 12 16:44:34 hydenix kernel: ACPI: WSMT 0x0000000099C36000 000028 (v01 ACRSYS ACRPRDCT 00000002 1025 00040000)
Jan 12 16:44:34 hydenix kernel: ACPI: SSDT 0x0000000099C35000 000B70 (v02 ACRSYS ACRPRDCT 00001000 1025 00040000)
Jan 12 16:44:34 hydenix kernel: ACPI: SSDT 0x0000000099C32000 00256F (v02 ACRSYS ACRPRDCT 00000000 1025 00040000)
Jan 12 16:44:34 hydenix kernel: ACPI: DBGP 0x0000000099C31000 000034 (v01 ACRSYS ACRPRDCT 00000002 1025 00040000)
Jan 12 16:44:34 hydenix kernel: ACPI: DBG2 0x0000000099C30000 00005C (v00 ACRSYS ACRPRDCT 00000002 1025 00040000)
Jan 12 16:44:34 hydenix kernel: ACPI: SSDT 0x0000000099C2F000 000B9F (v02 ACRSYS ACRPRDCT 00001000 1025 00040000)
Jan 12 16:44:34 hydenix kernel: ACPI: MSDM 0x0000000099C2E000 000055 (v03 ACRSYS ACRPRDCT 00000001 1025 00040000)
Jan 12 16:44:34 hydenix kernel: ACPI: SSDT 0x0000000099C26000 0075A5 (v01 ACRSYS ACRPRDCT 00001000 1025 00040000)
Jan 12 16:44:34 hydenix kernel: ACPI: NHLT 0x0000000099C4C000 0002DF (v00 ACRSYS ACRPRDCT 00000002 1025 00040000)
Jan 12 16:44:34 hydenix kernel: ACPI: HPET 0x0000000099C23000 000038 (v01 ACRSYS ACRPRDCT 00000002 1025 00040000)
Jan 12 16:44:34 hydenix kernel: ACPI: APIC 0x0000000099C22000 000164 (v03 ACRSYS ACRPRDCT 00000002 1025 00040000)
Jan 12 16:44:34 hydenix kernel: ACPI: MCFG 0x0000000099C21000 00003C (v01 ACRSYS ACRPRDCT 00000002 1025 00040000)
Jan 12 16:44:34 hydenix kernel: ACPI: SSDT 0x0000000099BD7000 002041 (v01 ACRSYS ACRPRDCT 00001000 1025 00040000)
Jan 12 16:44:34 hydenix kernel: ACPI: SSDT 0x0000000099BD6000 000161 (v02 ACRSYS ACRPRDCT 00001000 1025 00040000)
Jan 12 16:44:34 hydenix kernel: ACPI: DMAR 0x0000000099BDA000 0000A8 (v01 ACRSYS ACRPRDCT 00000002 1025 00040000)
Jan 12 16:44:34 hydenix kernel: ACPI: SSDT 0x0000000099BD5000 000164 (v01 ACRSYS ACRPRDCT 00001000 1025 00040000)
Jan 12 16:44:34 hydenix kernel: ACPI: FPDT 0x0000000099BD4000 000044 (v01 ACRSYS ACRPRDCT 00000002 1025 00040000)
Jan 12 16:44:34 hydenix kernel: ACPI: BGRT 0x0000000099BD3000 000038 (v01 ACRSYS ACRPRDCT 00000001 1025 00040000)
Jan 12 16:44:34 hydenix kernel: ACPI: Reserving FACP table memory at [mem 0x99c24000-0x99c2410b]
Jan 12 16:44:34 hydenix kernel: ACPI: Reserving DSDT table memory at [mem 0x99bdb000-0x99c2029a]
Jan 12 16:44:34 hydenix kernel: ACPI: Reserving FACS table memory at [mem 0x99b64000-0x99b6403f]
Jan 12 16:44:34 hydenix kernel: ACPI: Reserving UEFI table memory at [mem 0x99bcd000-0x99bcd235]
Jan 12 16:44:34 hydenix kernel: ACPI: Reserving SSDT table memory at [mem 0x99c47000-0x99c4b97d]
Jan 12 16:44:34 hydenix kernel: ACPI: Reserving SSDT table memory at [mem 0x99c46000-0x99c460ff]
Jan 12 16:44:34 hydenix kernel: ACPI: Reserving SSDT table memory at [mem 0x99c45000-0x99c45833]
Jan 12 16:44:34 hydenix kernel: ACPI: Reserving SSDT table memory at [mem 0x99c42000-0x99c440ac]
Jan 12 16:44:34 hydenix kernel: ACPI: Reserving SSDT table memory at [mem 0x99c3e000-0x99c411d9]
Jan 12 16:44:34 hydenix kernel: ACPI: Reserving SSDT table memory at [mem 0x99c3b000-0x99c3dc47]
Jan 12 16:44:34 hydenix kernel: ACPI: Reserving SSDT table memory at [mem 0x99c3a000-0x99c3a459]
Jan 12 16:44:34 hydenix kernel: ACPI: Reserving SSDT table memory at [mem 0x99c39000-0x99c39045]
Jan 12 16:44:34 hydenix kernel: ACPI: Reserving TPM2 table memory at [mem 0x99c38000-0x99c38033]
Jan 12 16:44:34 hydenix kernel: ACPI: Reserving LPIT table memory at [mem 0x99c37000-0x99c37093]
Jan 12 16:44:34 hydenix kernel: ACPI: Reserving WSMT table memory at [mem 0x99c36000-0x99c36027]
Jan 12 16:44:34 hydenix kernel: ACPI: Reserving SSDT table memory at [mem 0x99c35000-0x99c35b6f]
Jan 12 16:44:34 hydenix kernel: ACPI: Reserving SSDT table memory at [mem 0x99c32000-0x99c3456e]
Jan 12 16:44:34 hydenix kernel: ACPI: Reserving DBGP table memory at [mem 0x99c31000-0x99c31033]
Jan 12 16:44:34 hydenix kernel: ACPI: Reserving DBG2 table memory at [mem 0x99c30000-0x99c3005b]
Jan 12 16:44:34 hydenix kernel: ACPI: Reserving SSDT table memory at [mem 0x99c2f000-0x99c2fb9e]
Jan 12 16:44:34 hydenix kernel: ACPI: Reserving MSDM table memory at [mem 0x99c2e000-0x99c2e054]
Jan 12 16:44:34 hydenix kernel: ACPI: Reserving SSDT table memory at [mem 0x99c26000-0x99c2d5a4]
Jan 12 16:44:34 hydenix kernel: ACPI: Reserving NHLT table memory at [mem 0x99c4c000-0x99c4c2de]
Jan 12 16:44:34 hydenix kernel: ACPI: Reserving HPET table memory at [mem 0x99c23000-0x99c23037]
Jan 12 16:44:34 hydenix kernel: ACPI: Reserving APIC table memory at [mem 0x99c22000-0x99c22163]
Jan 12 16:44:34 hydenix kernel: ACPI: Reserving MCFG table memory at [mem 0x99c21000-0x99c2103b]
Jan 12 16:44:34 hydenix kernel: ACPI: Reserving SSDT table memory at [mem 0x99bd7000-0x99bd9040]
Jan 12 16:44:34 hydenix kernel: ACPI: Reserving SSDT table memory at [mem 0x99bd6000-0x99bd6160]
Jan 12 16:44:34 hydenix kernel: ACPI: Reserving DMAR table memory at [mem 0x99bda000-0x99bda0a7]
Jan 12 16:44:34 hydenix kernel: ACPI: Reserving SSDT table memory at [mem 0x99bd5000-0x99bd5163]
Jan 12 16:44:34 hydenix kernel: ACPI: Reserving FPDT table memory at [mem 0x99bd4000-0x99bd4043]
Jan 12 16:44:34 hydenix kernel: ACPI: Reserving BGRT table memory at [mem 0x99bd3000-0x99bd3037]
Jan 12 16:44:34 hydenix kernel: No NUMA configuration found
Jan 12 16:44:34 hydenix kernel: Faking a node at [mem 0x0000000000000000-0x000000045e7fffff]
Jan 12 16:44:34 hydenix kernel: NODE_DATA(0) allocated [mem 0x45e7fa780-0x45e7ffcff]
Jan 12 16:44:34 hydenix kernel: Zone ranges:
Jan 12 16:44:34 hydenix kernel:   DMA      [mem 0x0000000000001000-0x0000000000ffffff]
Jan 12 16:44:34 hydenix kernel:   DMA32    [mem 0x0000000001000000-0x00000000ffffffff]
Jan 12 16:44:34 hydenix kernel:   Normal   [mem 0x0000000100000000-0x000000045e7fffff]
Jan 12 16:44:34 hydenix kernel:   Device   empty
Jan 12 16:44:34 hydenix kernel: Movable zone start for each node
Jan 12 16:44:34 hydenix kernel: Early memory node ranges
Jan 12 16:44:34 hydenix kernel:   node   0: [mem 0x0000000000001000-0x000000000009efff]
Jan 12 16:44:34 hydenix kernel:   node   0: [mem 0x0000000000100000-0x0000000084424fff]
Jan 12 16:44:34 hydenix kernel:   node   0: [mem 0x000000008442e000-0x0000000088d57fff]
Jan 12 16:44:34 hydenix kernel:   node   0: [mem 0x0000000089658000-0x000000009786dfff]
Jan 12 16:44:34 hydenix kernel:   node   0: [mem 0x0000000099c4e000-0x0000000099c4efff]
Jan 12 16:44:34 hydenix kernel:   node   0: [mem 0x0000000100000000-0x000000045e7fffff]
Jan 12 16:44:34 hydenix kernel: Initmem setup node 0 [mem 0x0000000000001000-0x000000045e7fffff]
Jan 12 16:44:34 hydenix kernel: On node 0, zone DMA: 1 pages in unavailable ranges
Jan 12 16:44:34 hydenix kernel: On node 0, zone DMA: 97 pages in unavailable ranges
Jan 12 16:44:34 hydenix kernel: On node 0, zone DMA32: 9 pages in unavailable ranges
Jan 12 16:44:34 hydenix kernel: On node 0, zone DMA32: 2304 pages in unavailable ranges
Jan 12 16:44:34 hydenix kernel: On node 0, zone DMA32: 9184 pages in unavailable ranges
Jan 12 16:44:34 hydenix kernel: On node 0, zone Normal: 25521 pages in unavailable ranges
Jan 12 16:44:34 hydenix kernel: On node 0, zone Normal: 6144 pages in unavailable ranges
Jan 12 16:44:34 hydenix kernel: Reserving Intel graphics memory at [mem 0x9b800000-0x9f7fffff]
Jan 12 16:44:34 hydenix kernel: ACPI: PM-Timer IO Port: 0x1808
Jan 12 16:44:34 hydenix kernel: ACPI: LAPIC_NMI (acpi_id[0x01] high edge lint[0x1])
Jan 12 16:44:34 hydenix kernel: ACPI: LAPIC_NMI (acpi_id[0x02] high edge lint[0x1])
Jan 12 16:44:34 hydenix kernel: ACPI: LAPIC_NMI (acpi_id[0x03] high edge lint[0x1])
Jan 12 16:44:34 hydenix kernel: ACPI: LAPIC_NMI (acpi_id[0x04] high edge lint[0x1])
Jan 12 16:44:34 hydenix kernel: ACPI: LAPIC_NMI (acpi_id[0x05] high edge lint[0x1])
Jan 12 16:44:34 hydenix kernel: ACPI: LAPIC_NMI (acpi_id[0x06] high edge lint[0x1])
Jan 12 16:44:34 hydenix kernel: ACPI: LAPIC_NMI (acpi_id[0x07] high edge lint[0x1])
Jan 12 16:44:34 hydenix kernel: ACPI: LAPIC_NMI (acpi_id[0x08] high edge lint[0x1])
Jan 12 16:44:34 hydenix kernel: ACPI: LAPIC_NMI (acpi_id[0x09] high edge lint[0x1])
Jan 12 16:44:34 hydenix kernel: ACPI: LAPIC_NMI (acpi_id[0x0a] high edge lint[0x1])
Jan 12 16:44:34 hydenix kernel: ACPI: LAPIC_NMI (acpi_id[0x0b] high edge lint[0x1])
Jan 12 16:44:34 hydenix kernel: ACPI: LAPIC_NMI (acpi_id[0x0c] high edge lint[0x1])
Jan 12 16:44:34 hydenix kernel: ACPI: LAPIC_NMI (acpi_id[0x0d] high edge lint[0x1])
Jan 12 16:44:34 hydenix kernel: ACPI: LAPIC_NMI (acpi_id[0x0e] high edge lint[0x1])
Jan 12 16:44:34 hydenix kernel: ACPI: LAPIC_NMI (acpi_id[0x0f] high edge lint[0x1])
Jan 12 16:44:34 hydenix kernel: ACPI: LAPIC_NMI (acpi_id[0x10] high edge lint[0x1])
Jan 12 16:44:34 hydenix kernel: ACPI: LAPIC_NMI (acpi_id[0x11] high edge lint[0x1])
Jan 12 16:44:34 hydenix kernel: ACPI: LAPIC_NMI (acpi_id[0x12] high edge lint[0x1])
Jan 12 16:44:34 hydenix kernel: ACPI: LAPIC_NMI (acpi_id[0x13] high edge lint[0x1])
Jan 12 16:44:34 hydenix kernel: ACPI: LAPIC_NMI (acpi_id[0x14] high edge lint[0x1])
Jan 12 16:44:34 hydenix kernel: IOAPIC[0]: apic_id 2, version 32, address 0xfec00000, GSI 0-119
Jan 12 16:44:34 hydenix kernel: ACPI: INT_SRC_OVR (bus 0 bus_irq 0 global_irq 2 dfl dfl)
Jan 12 16:44:34 hydenix kernel: ACPI: INT_SRC_OVR (bus 0 bus_irq 9 global_irq 9 high level)
Jan 12 16:44:34 hydenix kernel: ACPI: Using ACPI (MADT) for SMP configuration information
Jan 12 16:44:34 hydenix kernel: ACPI: HPET id: 0x8086a201 base: 0xfed00000
Jan 12 16:44:34 hydenix kernel: e820: update [mem 0x84642000-0x84735fff] usable ==> reserved
Jan 12 16:44:34 hydenix kernel: TSC deadline timer available
Jan 12 16:44:34 hydenix kernel: CPU topo: Max. logical packages:   1
Jan 12 16:44:34 hydenix kernel: CPU topo: Max. logical dies:       1
Jan 12 16:44:34 hydenix kernel: CPU topo: Max. dies per package:   1
Jan 12 16:44:34 hydenix kernel: CPU topo: Max. threads per core:   2
Jan 12 16:44:34 hydenix kernel: CPU topo: Num. cores per package:     4
Jan 12 16:44:34 hydenix kernel: CPU topo: Num. threads per package:   8
Jan 12 16:44:34 hydenix kernel: CPU topo: Allowing 8 present CPUs plus 0 hotplug CPUs
Jan 12 16:44:34 hydenix kernel: PM: hibernation: Registered nosave memory: [mem 0x00000000-0x00000fff]
Jan 12 16:44:34 hydenix kernel: PM: hibernation: Registered nosave memory: [mem 0x0009f000-0x000fffff]
Jan 12 16:44:34 hydenix kernel: PM: hibernation: Registered nosave memory: [mem 0x84425000-0x8442dfff]
Jan 12 16:44:34 hydenix kernel: PM: hibernation: Registered nosave memory: [mem 0x84642000-0x84735fff]
Jan 12 16:44:34 hydenix kernel: PM: hibernation: Registered nosave memory: [mem 0x88d58000-0x89657fff]
Jan 12 16:44:34 hydenix kernel: PM: hibernation: Registered nosave memory: [mem 0x9786e000-0x99c4dfff]
Jan 12 16:44:34 hydenix kernel: PM: hibernation: Registered nosave memory: [mem 0x99c4f000-0xffffffff]
Jan 12 16:44:34 hydenix kernel: [mem 0x9f800000-0xfdffffff] available for PCI devices
Jan 12 16:44:34 hydenix kernel: Booting paravirtualized kernel on bare hardware
Jan 12 16:44:34 hydenix kernel: clocksource: refined-jiffies: mask: 0xffffffff max_cycles: 0xffffffff, max_idle_ns: 1910969940391419 ns
Jan 12 16:44:34 hydenix kernel: setup_percpu: NR_CPUS:384 nr_cpumask_bits:8 nr_cpu_ids:8 nr_node_ids:1
Jan 12 16:44:34 hydenix kernel: percpu: Embedded 97 pages/cpu s274432 r8192 d114688 u524288
Jan 12 16:44:34 hydenix kernel: pcpu-alloc: s274432 r8192 d114688 u524288 alloc=1*2097152
Jan 12 16:44:34 hydenix kernel: pcpu-alloc: [0] 0 1 2 3 [0] 4 5 6 7 
Jan 12 16:44:34 hydenix kernel: Kernel command line: initrd=\EFI\nixos\2hkw8c720zmal0qyfw240wk5gvby68bb-initrd-linux-zen-6.18.2-initrd.efi init=/nix/store/pl7gjd2dkk6m9f2qmgj529ql0pwjhjmw-nixos-system-hydenix-26.05.20251229.95e96e8/init nvidia-drm.modeset=1 mem_sleep_default=deep snd_hda_intel.power_save=0 snd_hda_intel.power_save_controller=N loglevel=4 lsm=landlock,yama,bpf nvidia-drm.modeset=1 nvidia-drm.fbdev=1 nvidia.NVreg_PreserveVideoMemoryAllocations=1 nvidia.NVreg_OpenRmEnableUnsupportedGpus=1
Jan 12 16:44:34 hydenix kernel: printk: log buffer data + meta data: 262144 + 917504 = 1179648 bytes
Jan 12 16:44:34 hydenix kernel: Dentry cache hash table entries: 2097152 (order: 12, 16777216 bytes, linear)
Jan 12 16:44:34 hydenix kernel: Inode-cache hash table entries: 1048576 (order: 11, 8388608 bytes, linear)
Jan 12 16:44:34 hydenix kernel: software IO TLB: area num 8.
Jan 12 16:44:34 hydenix kernel: Fallback order for Node 0: 0 
Jan 12 16:44:34 hydenix kernel: Built 1 zonelists, mobility grouping on.  Total pages: 4151044
Jan 12 16:44:34 hydenix kernel: Policy zone: Normal
Jan 12 16:44:34 hydenix kernel: mem auto-init: stack:all(zero), heap alloc:on, heap free:off
Jan 12 16:44:34 hydenix kernel: SLUB: HWalign=64, Order=0-3, MinObjects=0, CPUs=8, Nodes=1
Jan 12 16:44:34 hydenix kernel: allocated 33554432 bytes of page_ext
Jan 12 16:44:34 hydenix kernel: ftrace: allocating 47555 entries in 188 pages
Jan 12 16:44:34 hydenix kernel: ftrace: allocated 188 pages with 5 groups
Jan 12 16:44:34 hydenix kernel: Dynamic Preempt: full
Jan 12 16:44:34 hydenix kernel: rcu: Preemptible hierarchical RCU implementation.
Jan 12 16:44:34 hydenix kernel: rcu:         RCU event tracing is enabled.
Jan 12 16:44:34 hydenix kernel: rcu:         RCU restricting CPUs from NR_CPUS=384 to nr_cpu_ids=8.
Jan 12 16:44:34 hydenix kernel: rcu:         RCU priority boosting: priority 1 delay 500 ms.
Jan 12 16:44:34 hydenix kernel:         Trampoline variant of Tasks RCU enabled.
Jan 12 16:44:34 hydenix kernel:         Rude variant of Tasks RCU enabled.
Jan 12 16:44:34 hydenix kernel:         Tracing variant of Tasks RCU enabled.
Jan 12 16:44:34 hydenix kernel: rcu: RCU calculated value of scheduler-enlistment delay is 100 jiffies.
Jan 12 16:44:34 hydenix kernel: rcu: Adjusting geometry for rcu_fanout_leaf=16, nr_cpu_ids=8
Jan 12 16:44:34 hydenix kernel: RCU Tasks: Setting shift to 3 and lim to 1 rcu_task_cb_adjust=1 rcu_task_cpu_ids=8.
Jan 12 16:44:34 hydenix kernel: RCU Tasks Rude: Setting shift to 3 and lim to 1 rcu_task_cb_adjust=1 rcu_task_cpu_ids=8.
Jan 12 16:44:34 hydenix kernel: RCU Tasks Trace: Setting shift to 3 and lim to 1 rcu_task_cb_adjust=1 rcu_task_cpu_ids=8.
Jan 12 16:44:34 hydenix kernel: NR_IRQS: 24832, nr_irqs: 2048, preallocated irqs: 16
Jan 12 16:44:34 hydenix kernel: rcu: srcu_init: Setting srcu_struct sizes based on contention.
Jan 12 16:44:34 hydenix kernel: kfence: initialized - using 2097152 bytes for 255 objects at 0x(____ptrval____)-0x(____ptrval____)
Jan 12 16:44:34 hydenix kernel: Console: colour dummy device 80x25
Jan 12 16:44:34 hydenix kernel: printk: legacy console [tty0] enabled
Jan 12 16:44:34 hydenix kernel: ACPI: Core revision 20250807
Jan 12 16:44:34 hydenix kernel: clocksource: hpet: mask: 0xffffffff max_cycles: 0xffffffff, max_idle_ns: 79635855245 ns
Jan 12 16:44:34 hydenix kernel: APIC: Switch to symmetric I/O mode setup
Jan 12 16:44:34 hydenix kernel: DMAR: Host address width 39
Jan 12 16:44:34 hydenix kernel: DMAR: DRHD base: 0x000000fed90000 flags: 0x0
Jan 12 16:44:34 hydenix kernel: DMAR: dmar0: reg_base_addr fed90000 ver 1:0 cap 1c0000c40660462 ecap 19e2ff0505e
Jan 12 16:44:34 hydenix kernel: DMAR: DRHD base: 0x000000fed91000 flags: 0x1
Jan 12 16:44:34 hydenix kernel: DMAR: dmar1: reg_base_addr fed91000 ver 1:0 cap d2008c40660462 ecap f050da
Jan 12 16:44:34 hydenix kernel: DMAR: RMRR base: 0x00000098b6d000 end: 0x00000098b8cfff
Jan 12 16:44:34 hydenix kernel: DMAR: RMRR base: 0x0000009b000000 end: 0x0000009f7fffff
Jan 12 16:44:34 hydenix kernel: DMAR-IR: IOAPIC id 2 under DRHD base  0xfed91000 IOMMU 1
Jan 12 16:44:34 hydenix kernel: DMAR-IR: HPET id 0 under DRHD base 0xfed91000
Jan 12 16:44:34 hydenix kernel: DMAR-IR: Queued invalidation will be enabled to support x2apic and Intr-remapping.
Jan 12 16:44:34 hydenix kernel: DMAR-IR: Enabled IRQ remapping in x2apic mode
Jan 12 16:44:34 hydenix kernel: x2apic enabled
Jan 12 16:44:34 hydenix kernel: APIC: Switched APIC routing to: cluster x2apic
Jan 12 16:44:34 hydenix kernel: ..TIMER: vector=0x30 apic1=0 pin1=2 apic2=-1 pin2=-1
Jan 12 16:44:34 hydenix kernel: clocksource: tsc-early: mask: 0xffffffffffffffff max_cycles: 0x24090c9bc00, max_idle_ns: 440795288559 ns
Jan 12 16:44:34 hydenix kernel: Calibrating delay loop (skipped), value calculated using timer frequency.. 4999.90 BogoMIPS (lpj=2499952)
Jan 12 16:44:34 hydenix kernel: x86/cpu: SGX disabled or unsupported by BIOS.
Jan 12 16:44:34 hydenix kernel: CPU0: Thermal monitoring enabled (TM1)
Jan 12 16:44:34 hydenix kernel: Last level iTLB entries: 4KB 64, 2MB 8, 4MB 8
Jan 12 16:44:34 hydenix kernel: Last level dTLB entries: 4KB 64, 2MB 32, 4MB 32, 1GB 4
Jan 12 16:44:34 hydenix kernel: process: using mwait in idle threads
Jan 12 16:44:34 hydenix kernel: mitigations: Enabled attack vectors: user_kernel, user_user, guest_host, guest_guest, SMT mitigations: auto
Jan 12 16:44:34 hydenix kernel: Speculative Store Bypass: Mitigation: Speculative Store Bypass disabled via prctl
Jan 12 16:44:34 hydenix kernel: SRBDS: Mitigation: Microcode
Jan 12 16:44:34 hydenix kernel: Spectre V2 : Mitigation: Enhanced / Automatic IBRS
Jan 12 16:44:34 hydenix kernel: RETBleed: Mitigation: Enhanced IBRS
Jan 12 16:44:34 hydenix kernel: ITS: Mitigation: Aligned branch/return thunks
Jan 12 16:44:34 hydenix kernel: MMIO Stale Data: Mitigation: Clear CPU buffers
Jan 12 16:44:34 hydenix kernel: VMSCAPE: Mitigation: IBPB before exit to userspace
Jan 12 16:44:34 hydenix kernel: Spectre V1 : Mitigation: usercopy/swapgs barriers and __user pointer sanitization
Jan 12 16:44:34 hydenix kernel: Spectre V2 : Spectre v2 / PBRSB-eIBRS: Retire a single CALL on VMEXIT
Jan 12 16:44:34 hydenix kernel: Spectre V2 : mitigation: Enabling conditional Indirect Branch Prediction Barrier
Jan 12 16:44:34 hydenix kernel: GDS: Mitigation: Microcode
Jan 12 16:44:34 hydenix kernel: active return thunk: its_return_thunk
Jan 12 16:44:34 hydenix kernel: Spectre V2 : Spectre BHI mitigation: SW BHB clearing on syscall and VM exit
Jan 12 16:44:34 hydenix kernel: x86/fpu: Supporting XSAVE feature 0x001: 'x87 floating point registers'
Jan 12 16:44:34 hydenix kernel: x86/fpu: Supporting XSAVE feature 0x002: 'SSE registers'
Jan 12 16:44:34 hydenix kernel: x86/fpu: Supporting XSAVE feature 0x004: 'AVX registers'
Jan 12 16:44:34 hydenix kernel: x86/fpu: Supporting XSAVE feature 0x008: 'MPX bounds registers'
Jan 12 16:44:34 hydenix kernel: x86/fpu: Supporting XSAVE feature 0x010: 'MPX CSR'
Jan 12 16:44:34 hydenix kernel: x86/fpu: Supporting XSAVE feature 0x200: 'Protection Keys User registers'
Jan 12 16:44:34 hydenix kernel: x86/fpu: xstate_offset[2]:  576, xstate_sizes[2]:  256
Jan 12 16:44:34 hydenix kernel: x86/fpu: xstate_offset[3]:  832, xstate_sizes[3]:   64
Jan 12 16:44:34 hydenix kernel: x86/fpu: xstate_offset[4]:  896, xstate_sizes[4]:   64
Jan 12 16:44:34 hydenix kernel: x86/fpu: xstate_offset[9]:  960, xstate_sizes[9]:    8
Jan 12 16:44:34 hydenix kernel: x86/fpu: Enabled xstate features 0x21f, context size is 968 bytes, using 'compacted' format.
Jan 12 16:44:34 hydenix kernel: Freeing SMP alternatives memory: 44K
Jan 12 16:44:34 hydenix kernel: pid_max: default: 32768 minimum: 301
Jan 12 16:44:34 hydenix kernel: LSM: initializing lsm=capability,landlock,yama,bpf
Jan 12 16:44:34 hydenix kernel: landlock: Up and running.
Jan 12 16:44:34 hydenix kernel: Yama: becoming mindful.
Jan 12 16:44:34 hydenix kernel: LSM support for eBPF active
Jan 12 16:44:34 hydenix kernel: Mount-cache hash table entries: 32768 (order: 6, 262144 bytes, linear)
Jan 12 16:44:34 hydenix kernel: Mountpoint-cache hash table entries: 32768 (order: 6, 262144 bytes, linear)
Jan 12 16:44:34 hydenix kernel: smpboot: CPU0: Intel(R) Core(TM) i5-10300H CPU @ 2.50GHz (family: 0x6, model: 0xa5, stepping: 0x2)
Jan 12 16:44:34 hydenix kernel: Performance Events: PEBS fmt3+, Skylake events, 32-deep LBR, full-width counters, Intel PMU driver.
Jan 12 16:44:34 hydenix kernel: ... version:                   4
Jan 12 16:44:34 hydenix kernel: ... bit width:                 48
Jan 12 16:44:34 hydenix kernel: ... generic counters:          4
Jan 12 16:44:34 hydenix kernel: ... generic bitmap:            000000000000000f
Jan 12 16:44:34 hydenix kernel: ... fixed-purpose counters:    3
Jan 12 16:44:34 hydenix kernel: ... fixed-purpose bitmap:      0000000000000007
Jan 12 16:44:34 hydenix kernel: ... value mask:                0000ffffffffffff
Jan 12 16:44:34 hydenix kernel: ... max period:                00007fffffffffff
Jan 12 16:44:34 hydenix kernel: ... global_ctrl mask:          000000070000000f
Jan 12 16:44:34 hydenix kernel: signal: max sigframe size: 3632
Jan 12 16:44:34 hydenix kernel: Estimated ratio of average max frequency by base frequency (times 1024): 1720
Jan 12 16:44:34 hydenix kernel: rcu: Hierarchical SRCU implementation.
Jan 12 16:44:34 hydenix kernel: rcu:         Max phase no-delay instances is 400.
Jan 12 16:44:34 hydenix kernel: Timer migration: 1 hierarchy levels; 8 children per group; 1 crossnode level
Jan 12 16:44:34 hydenix kernel: NMI watchdog: Enabled. Permanently consumes one hw-PMU counter.
Jan 12 16:44:34 hydenix kernel: smp: Bringing up secondary CPUs ...
Jan 12 16:44:34 hydenix kernel: smpboot: x86: Booting SMP configuration:
Jan 12 16:44:34 hydenix kernel: .... node  #0, CPUs:      #1 #2 #3 #4 #5 #6 #7
Jan 12 16:44:34 hydenix kernel: MMIO Stale Data CPU bug present and SMT on, data leak possible. See https://www.kernel.org/doc/html/latest/admin-guide/hw-vuln/processor_mmio_stale_data.html for more details.
Jan 12 16:44:34 hydenix kernel: smp: Brought up 1 node, 8 CPUs
Jan 12 16:44:34 hydenix kernel: smpboot: Total of 8 processors activated (39999.23 BogoMIPS)
Jan 12 16:44:34 hydenix kernel: Memory: 16105716K/16604176K available (16766K kernel code, 2678K rwdata, 13248K rodata, 3584K init, 2952K bss, 439692K reserved, 0K cma-reserved)
Jan 12 16:44:34 hydenix kernel: devtmpfs: initialized
Jan 12 16:44:34 hydenix kernel: x86/mm: Memory block size: 128MB
Jan 12 16:44:34 hydenix kernel: ACPI: PM: Registering ACPI NVS region [mem 0x98d6e000-0x99bcdfff] (15073280 bytes)
Jan 12 16:44:34 hydenix kernel: clocksource: jiffies: mask: 0xffffffff max_cycles: 0xffffffff, max_idle_ns: 1911260446275000 ns
Jan 12 16:44:34 hydenix kernel: posixtimers hash table entries: 4096 (order: 4, 65536 bytes, linear)
Jan 12 16:44:34 hydenix kernel: futex hash table entries: 2048 (131072 bytes on 1 NUMA nodes, total 128 KiB, linear).
Jan 12 16:44:34 hydenix kernel: pinctrl core: initialized pinctrl subsystem
Jan 12 16:44:34 hydenix kernel: PM: RTC time: 22:44:31, date: 2026-01-12
Jan 12 16:44:34 hydenix kernel: NET: Registered PF_NETLINK/PF_ROUTE protocol family
Jan 12 16:44:34 hydenix kernel: DMA: preallocated 2048 KiB GFP_KERNEL pool for atomic allocations
Jan 12 16:44:34 hydenix kernel: DMA: preallocated 2048 KiB GFP_KERNEL|GFP_DMA pool for atomic allocations
Jan 12 16:44:34 hydenix kernel: DMA: preallocated 2048 KiB GFP_KERNEL|GFP_DMA32 pool for atomic allocations
Jan 12 16:44:34 hydenix kernel: audit: initializing netlink subsys (disabled)
Jan 12 16:44:34 hydenix kernel: audit: type=2000 audit(1768257871.040:1): state=initialized audit_enabled=0 res=1
Jan 12 16:44:34 hydenix kernel: thermal_sys: Registered thermal governor 'bang_bang'
Jan 12 16:44:34 hydenix kernel: thermal_sys: Registered thermal governor 'step_wise'
Jan 12 16:44:34 hydenix kernel: cpuidle: using governor menu
Jan 12 16:44:34 hydenix kernel: ACPI FADT declares the system doesn't support PCIe ASPM, so disable it
Jan 12 16:44:34 hydenix kernel: acpiphp: ACPI Hot Plug PCI Controller Driver version: 0.5
Jan 12 16:44:34 hydenix kernel: PCI: ECAM [mem 0xe0000000-0xefffffff] (base 0xe0000000) for domain 0000 [bus 00-ff]
Jan 12 16:44:34 hydenix kernel: PCI: Using configuration type 1 for base access
Jan 12 16:44:34 hydenix kernel: kprobes: kprobe jump-optimization is enabled. All kprobes are optimized if possible.
Jan 12 16:44:34 hydenix kernel: HugeTLB: registered 1.00 GiB page size, pre-allocated 0 pages
Jan 12 16:44:34 hydenix kernel: HugeTLB: 16380 KiB vmemmap can be freed for a 1.00 GiB page
Jan 12 16:44:34 hydenix kernel: HugeTLB: registered 2.00 MiB page size, pre-allocated 0 pages
Jan 12 16:44:34 hydenix kernel: HugeTLB: 28 KiB vmemmap can be freed for a 2.00 MiB page
Jan 12 16:44:34 hydenix kernel: fbcon: Taking over console
Jan 12 16:44:34 hydenix kernel: ACPI: Added _OSI(Module Device)
Jan 12 16:44:34 hydenix kernel: ACPI: Added _OSI(Processor Device)
Jan 12 16:44:34 hydenix kernel: ACPI: Added _OSI(Processor Aggregator Device)
Jan 12 16:44:34 hydenix kernel: ACPI: 16 ACPI AML tables successfully acquired and loaded
Jan 12 16:44:34 hydenix kernel: ACPI: Dynamic OEM Table Load:
Jan 12 16:44:34 hydenix kernel: ACPI: SSDT 0xFFFF8CCE43D38C00 000400 (v02 PmRef  Cpu0Cst  00003001 INTL 20160422)
Jan 12 16:44:34 hydenix kernel: ACPI: Dynamic OEM Table Load:
Jan 12 16:44:34 hydenix kernel: ACPI: SSDT 0xFFFF8CCE44455800 000560 (v02 PmRef  Cpu0Ist  00003000 INTL 20160422)
Jan 12 16:44:34 hydenix kernel: ACPI: Dynamic OEM Table Load:
Jan 12 16:44:34 hydenix kernel: ACPI: SSDT 0xFFFF8CCE422CDD00 0000FC (v02 PmRef  Cpu0Psd  00003000 INTL 20160422)
Jan 12 16:44:34 hydenix kernel: ACPI: Dynamic OEM Table Load:
Jan 12 16:44:34 hydenix kernel: ACPI: SSDT 0xFFFF8CCE4237EC00 00016C (v02 PmRef  Cpu0Hwp  00003000 INTL 20160422)
Jan 12 16:44:34 hydenix kernel: ACPI: Dynamic OEM Table Load:
Jan 12 16:44:34 hydenix kernel: ACPI: SSDT 0xFFFF8CCE436A4000 000BEA (v02 PmRef  HwpLvt   00003000 INTL 20160422)
Jan 12 16:44:34 hydenix kernel: ACPI: Dynamic OEM Table Load:
Jan 12 16:44:34 hydenix kernel: ACPI: SSDT 0xFFFF8CCE44453800 000778 (v02 PmRef  ApIst    00003000 INTL 20160422)
Jan 12 16:44:34 hydenix kernel: ACPI: Dynamic OEM Table Load:
Jan 12 16:44:34 hydenix kernel: ACPI: SSDT 0xFFFF8CCE43D38800 0003D7 (v02 PmRef  ApHwp    00003000 INTL 20160422)
Jan 12 16:44:34 hydenix kernel: ACPI: Dynamic OEM Table Load:
Jan 12 16:44:34 hydenix kernel: ACPI: SSDT 0xFFFF8CCE436A5000 000D22 (v02 PmRef  ApPsd    00003000 INTL 20160422)
Jan 12 16:44:34 hydenix kernel: ACPI: Dynamic OEM Table Load:
Jan 12 16:44:34 hydenix kernel: ACPI: SSDT 0xFFFF8CCE43D3AC00 0003CA (v02 PmRef  ApCst    00003000 INTL 20160422)
Jan 12 16:44:34 hydenix kernel: ACPI: EC: EC started
Jan 12 16:44:34 hydenix kernel: ACPI: EC: interrupt blocked
Jan 12 16:44:34 hydenix kernel: ACPI: EC: EC_CMD/EC_SC=0x66, EC_DATA=0x62
Jan 12 16:44:34 hydenix kernel: ACPI: \_SB_.PCI0.LPCB.EC0_: Boot DSDT EC used to handle transactions
Jan 12 16:44:34 hydenix kernel: ACPI: Interpreter enabled
Jan 12 16:44:34 hydenix kernel: ACPI: PM: (supports S0 S3 S4 S5)
Jan 12 16:44:34 hydenix kernel: ACPI: Using IOAPIC for interrupt routing
Jan 12 16:44:34 hydenix kernel: PCI: Using host bridge windows from ACPI; if necessary, use "pci=nocrs" and report a bug
Jan 12 16:44:34 hydenix kernel: PCI: Using E820 reservations for host bridge windows
Jan 12 16:44:34 hydenix kernel: ACPI: Enabled 7 GPEs in block 00 to 7F
Jan 12 16:44:34 hydenix kernel: ACPI: \_SB_.PCI0.PEG0.PG00: New power resource
Jan 12 16:44:34 hydenix kernel: ACPI: \_SB_.PCI0.PEG1.PG01: New power resource
Jan 12 16:44:34 hydenix kernel: ACPI: \_SB_.PCI0.PEG2.PG02: New power resource
Jan 12 16:44:34 hydenix kernel: ACPI: \_SB_.PCI0.XHC_.RHUB.HS14.BTPR: New power resource
Jan 12 16:44:34 hydenix kernel: ACPI: \_SB_.PCI0.XDCI.USBC: New power resource
Jan 12 16:44:34 hydenix kernel: ACPI: \_SB_.PCI0.SAT0.VOL0.V0PR: New power resource
Jan 12 16:44:34 hydenix kernel: ACPI: \_SB_.PCI0.SAT0.VOL1.V1PR: New power resource
Jan 12 16:44:34 hydenix kernel: ACPI: \_SB_.PCI0.SAT0.VOL2.V2PR: New power resource
Jan 12 16:44:34 hydenix kernel: ACPI: \_SB_.PCI0.CNVW.WRST: New power resource
Jan 12 16:44:34 hydenix kernel: acpi ABCD0000:00: ACPI dock station (docks/bays count: 1)
Jan 12 16:44:34 hydenix kernel: ACPI: \PIN_: New power resource
Jan 12 16:44:34 hydenix kernel: ACPI: PCI Root Bridge [PCI0] (domain 0000 [bus 00-fe])
Jan 12 16:44:34 hydenix kernel: acpi PNP0A08:00: _OSC: OS supports [ExtendedConfig ASPM ClockPM Segments MSI HPX-Type3]
Jan 12 16:44:34 hydenix kernel: acpi PNP0A08:00: _OSC: OS now controls [PCIeHotplug PME PCIeCapability LTR]
Jan 12 16:44:34 hydenix kernel: acpi PNP0A08:00: FADT indicates ASPM is unsupported, using BIOS configuration
Jan 12 16:44:34 hydenix kernel: PCI host bridge to bus 0000:00
Jan 12 16:44:34 hydenix kernel: pci_bus 0000:00: root bus resource [io  0x0000-0x0cf7 window]
Jan 12 16:44:34 hydenix kernel: pci_bus 0000:00: root bus resource [io  0x0d00-0xffff window]
Jan 12 16:44:34 hydenix kernel: pci_bus 0000:00: root bus resource [mem 0x000a0000-0x000bffff window]
Jan 12 16:44:34 hydenix kernel: pci_bus 0000:00: root bus resource [mem 0x9f800000-0xdfffffff window]
Jan 12 16:44:34 hydenix kernel: pci_bus 0000:00: root bus resource [mem 0x4000000000-0x7fffffffff window]
Jan 12 16:44:34 hydenix kernel: pci_bus 0000:00: root bus resource [mem 0xfc800000-0xfe7fffff window]
Jan 12 16:44:34 hydenix kernel: pci_bus 0000:00: root bus resource [bus 00-fe]
Jan 12 16:44:34 hydenix kernel: pci 0000:00:00.0: [8086:9b64] type 00 class 0x060000 conventional PCI endpoint
Jan 12 16:44:34 hydenix kernel: pci 0000:00:01.0: [8086:1901] type 01 class 0x060400 PCIe Root Port
Jan 12 16:44:34 hydenix kernel: pci 0000:00:01.0: PCI bridge to [bus 01-05]
Jan 12 16:44:34 hydenix kernel: pci 0000:00:01.0:   bridge window [io  0x4000-0x4fff]
Jan 12 16:44:34 hydenix kernel: pci 0000:00:01.0:   bridge window [mem 0xa0000000-0xa10fffff]
Jan 12 16:44:34 hydenix kernel: pci 0000:00:01.0:   bridge window [mem 0x6000000000-0x6101ffffff 64bit pref]
Jan 12 16:44:34 hydenix kernel: pci 0000:00:01.0: PME# supported from D0 D3hot D3cold
Jan 12 16:44:34 hydenix kernel: pci 0000:00:02.0: [8086:9bc4] type 00 class 0x030000 PCIe Root Complex Integrated Endpoint
Jan 12 16:44:34 hydenix kernel: pci 0000:00:02.0: BAR 0 [mem 0x6102000000-0x6102ffffff 64bit]
Jan 12 16:44:34 hydenix kernel: pci 0000:00:02.0: BAR 2 [mem 0x4000000000-0x400fffffff 64bit pref]
Jan 12 16:44:34 hydenix kernel: pci 0000:00:02.0: BAR 4 [io  0x5000-0x503f]
Jan 12 16:44:34 hydenix kernel: pci 0000:00:02.0: Video device with shadowed ROM at [mem 0x000c0000-0x000dffff]
Jan 12 16:44:34 hydenix kernel: pci 0000:00:04.0: [8086:1903] type 00 class 0x118000 conventional PCI endpoint
Jan 12 16:44:34 hydenix kernel: pci 0000:00:04.0: BAR 0 [mem 0x6103100000-0x6103107fff 64bit]
Jan 12 16:44:34 hydenix kernel: pci 0000:00:08.0: [8086:1911] type 00 class 0x088000 conventional PCI endpoint
Jan 12 16:44:34 hydenix kernel: pci 0000:00:08.0: BAR 0 [mem 0x6103118000-0x6103118fff 64bit]
Jan 12 16:44:34 hydenix kernel: pci 0000:00:12.0: [8086:06f9] type 00 class 0x118000 conventional PCI endpoint
Jan 12 16:44:34 hydenix kernel: pci 0000:00:12.0: BAR 0 [mem 0x6103117000-0x6103117fff 64bit]
Jan 12 16:44:34 hydenix kernel: pci 0000:00:14.0: [8086:06ed] type 00 class 0x0c0330 conventional PCI endpoint
Jan 12 16:44:34 hydenix kernel: pci 0000:00:14.0: BAR 0 [mem 0xa1380000-0xa138ffff 64bit]
Jan 12 16:44:34 hydenix kernel: pci 0000:00:14.0: PME# supported from D3hot D3cold
Jan 12 16:44:34 hydenix kernel: pci 0000:00:14.2: [8086:06ef] type 00 class 0x050000 conventional PCI endpoint
Jan 12 16:44:34 hydenix kernel: pci 0000:00:14.2: BAR 0 [mem 0x6103110000-0x6103111fff 64bit]
Jan 12 16:44:34 hydenix kernel: pci 0000:00:14.2: BAR 2 [mem 0x6103116000-0x6103116fff 64bit]
Jan 12 16:44:34 hydenix kernel: pci 0000:00:14.3: [8086:06f0] type 00 class 0x028000 PCIe Root Complex Integrated Endpoint
Jan 12 16:44:34 hydenix kernel: pci 0000:00:14.3: BAR 0 [mem 0x610310c000-0x610310ffff 64bit]
Jan 12 16:44:34 hydenix kernel: pci 0000:00:14.3: PME# supported from D0 D3hot D3cold
Jan 12 16:44:34 hydenix kernel: pci 0000:00:15.0: [8086:06e8] type 00 class 0x0c8000 conventional PCI endpoint
Jan 12 16:44:34 hydenix kernel: pci 0000:00:15.0: BAR 0 [mem 0x00000000-0x00000fff 64bit]
Jan 12 16:44:34 hydenix kernel: pci 0000:00:15.1: [8086:06e9] type 00 class 0x0c8000 conventional PCI endpoint
Jan 12 16:44:34 hydenix kernel: pci 0000:00:15.1: BAR 0 [mem 0x00000000-0x00000fff 64bit]
Jan 12 16:44:34 hydenix kernel: pci 0000:00:16.0: [8086:06e0] type 00 class 0x078000 conventional PCI endpoint
Jan 12 16:44:34 hydenix kernel: pci 0000:00:16.0: BAR 0 [mem 0x6103113000-0x6103113fff 64bit]
Jan 12 16:44:34 hydenix kernel: pci 0000:00:16.0: PME# supported from D3hot
Jan 12 16:44:34 hydenix kernel: pci 0000:00:17.0: [8086:06d3] type 00 class 0x010601 conventional PCI endpoint
Jan 12 16:44:34 hydenix kernel: pci 0000:00:17.0: BAR 0 [mem 0xa1390000-0xa1391fff]
Jan 12 16:44:34 hydenix kernel: pci 0000:00:17.0: BAR 1 [mem 0xa1394000-0xa13940ff]
Jan 12 16:44:34 hydenix kernel: pci 0000:00:17.0: BAR 2 [io  0x5080-0x5087]
Jan 12 16:44:34 hydenix kernel: pci 0000:00:17.0: BAR 3 [io  0x5088-0x508b]
Jan 12 16:44:34 hydenix kernel: pci 0000:00:17.0: BAR 4 [io  0x5060-0x507f]
Jan 12 16:44:34 hydenix kernel: pci 0000:00:17.0: BAR 5 [mem 0xa1393000-0xa13937ff]
Jan 12 16:44:34 hydenix kernel: pci 0000:00:17.0: PME# supported from D3hot
Jan 12 16:44:34 hydenix kernel: pci 0000:00:1b.0: [8086:06ac] type 01 class 0x060400 PCIe Root Port
Jan 12 16:44:34 hydenix kernel: pci 0000:00:1b.0: PCI bridge to [bus 06]
Jan 12 16:44:34 hydenix kernel: pci 0000:00:1b.0:   bridge window [mem 0xa1200000-0xa12fffff]
Jan 12 16:44:34 hydenix kernel: pci 0000:00:1b.0: PME# supported from D0 D3hot D3cold
Jan 12 16:44:34 hydenix kernel: pci 0000:00:1d.0: [8086:06b5] type 01 class 0x060400 PCIe Root Port
Jan 12 16:44:34 hydenix kernel: pci 0000:00:1d.0: PCI bridge to [bus 07]
Jan 12 16:44:34 hydenix kernel: pci 0000:00:1d.0:   bridge window [io  0x3000-0x3fff]
Jan 12 16:44:34 hydenix kernel: pci 0000:00:1d.0:   bridge window [mem 0xa1100000-0xa11fffff]
Jan 12 16:44:34 hydenix kernel: pci 0000:00:1d.0: PME# supported from D0 D3hot D3cold
Jan 12 16:44:34 hydenix kernel: pci 0000:00:1f.0: [8086:068d] type 00 class 0x060100 conventional PCI endpoint
Jan 12 16:44:34 hydenix kernel: pci 0000:00:1f.3: [8086:06c8] type 00 class 0x040380 conventional PCI endpoint
Jan 12 16:44:34 hydenix kernel: pci 0000:00:1f.3: BAR 0 [mem 0x6103108000-0x610310bfff 64bit]
Jan 12 16:44:34 hydenix kernel: pci 0000:00:1f.3: BAR 4 [mem 0x6103000000-0x61030fffff 64bit]
Jan 12 16:44:34 hydenix kernel: pci 0000:00:1f.3: PME# supported from D3hot D3cold
Jan 12 16:44:34 hydenix kernel: pci 0000:00:1f.4: [8086:06a3] type 00 class 0x0c0500 conventional PCI endpoint
Jan 12 16:44:34 hydenix kernel: pci 0000:00:1f.4: BAR 0 [mem 0x6103112000-0x61031120ff 64bit]
Jan 12 16:44:34 hydenix kernel: pci 0000:00:1f.4: BAR 4 [io  0xefa0-0xefbf]
Jan 12 16:44:34 hydenix kernel: pci 0000:00:1f.5: [8086:06a4] type 00 class 0x0c8000 conventional PCI endpoint
Jan 12 16:44:34 hydenix kernel: pci 0000:00:1f.5: BAR 0 [mem 0xfe010000-0xfe010fff]
Jan 12 16:44:34 hydenix kernel: pci 0000:01:00.0: [10de:25a5] type 00 class 0x030000 PCIe Legacy Endpoint
Jan 12 16:44:34 hydenix kernel: pci 0000:01:00.0: BAR 0 [mem 0xa0000000-0xa0ffffff]
Jan 12 16:44:34 hydenix kernel: pci 0000:01:00.0: BAR 1 [mem 0x6000000000-0x60ffffffff 64bit pref]
Jan 12 16:44:34 hydenix kernel: pci 0000:01:00.0: BAR 3 [mem 0x6100000000-0x6101ffffff 64bit pref]
Jan 12 16:44:34 hydenix kernel: pci 0000:01:00.0: BAR 5 [io  0x4000-0x407f]
Jan 12 16:44:34 hydenix kernel: pci 0000:01:00.0: ROM [mem 0xfff80000-0xffffffff pref]
Jan 12 16:44:34 hydenix kernel: pci 0000:01:00.0: PME# supported from D0 D3hot
Jan 12 16:44:34 hydenix kernel: pci 0000:01:00.0: 63.008 Gb/s available PCIe bandwidth, limited by 8.0 GT/s PCIe x8 link at 0000:00:01.0 (capable of 252.048 Gb/s with 16.0 GT/s PCIe x16 link)
Jan 12 16:44:34 hydenix kernel: pci 0000:01:00.1: [10de:2291] type 00 class 0x040300 PCIe Endpoint
Jan 12 16:44:34 hydenix kernel: pci 0000:01:00.1: BAR 0 [mem 0xa1000000-0xa1003fff]
Jan 12 16:44:34 hydenix kernel: pci 0000:00:01.0: PCI bridge to [bus 01-05]
Jan 12 16:44:34 hydenix kernel: pci 0000:06:00.0: [15b7:5009] type 00 class 0x010802 PCIe Endpoint
Jan 12 16:44:34 hydenix kernel: pci 0000:06:00.0: BAR 0 [mem 0xa1200000-0xa1203fff 64bit]
Jan 12 16:44:34 hydenix kernel: pci 0000:06:00.0: BAR 4 [mem 0xa1204000-0xa12040ff 64bit]
Jan 12 16:44:34 hydenix kernel: pci 0000:00:1b.0: PCI bridge to [bus 06]
Jan 12 16:44:34 hydenix kernel: pci 0000:07:00.0: [10ec:2600] type 00 class 0x020000 PCIe Endpoint
Jan 12 16:44:34 hydenix kernel: pci 0000:07:00.0: BAR 0 [io  0x3000-0x30ff]
Jan 12 16:44:34 hydenix kernel: pci 0000:07:00.0: BAR 2 [mem 0xa1104000-0xa1104fff 64bit]
Jan 12 16:44:34 hydenix kernel: pci 0000:07:00.0: BAR 4 [mem 0xa1100000-0xa1103fff 64bit]
Jan 12 16:44:34 hydenix kernel: pci 0000:07:00.0: supports D1 D2
Jan 12 16:44:34 hydenix kernel: pci 0000:07:00.0: PME# supported from D0 D1 D2 D3hot D3cold
Jan 12 16:44:34 hydenix kernel: pci 0000:00:1d.0: PCI bridge to [bus 07]
Jan 12 16:44:34 hydenix kernel: ACPI: EC: interrupt unblocked
Jan 12 16:44:34 hydenix kernel: ACPI: EC: event unblocked
Jan 12 16:44:34 hydenix kernel: ACPI: EC: EC_CMD/EC_SC=0x66, EC_DATA=0x62
Jan 12 16:44:34 hydenix kernel: ACPI: EC: GPE=0x14
Jan 12 16:44:34 hydenix kernel: ACPI: \_SB_.PCI0.LPCB.EC0_: Boot DSDT EC initialization complete
Jan 12 16:44:34 hydenix kernel: ACPI: \_SB_.PCI0.LPCB.EC0_: EC: Used to handle transactions and events
Jan 12 16:44:34 hydenix kernel: iommu: Default domain type: Translated
Jan 12 16:44:34 hydenix kernel: iommu: DMA domain TLB invalidation policy: lazy mode
Jan 12 16:44:34 hydenix kernel: ACPI: bus type USB registered
Jan 12 16:44:34 hydenix kernel: usbcore: registered new interface driver usbfs
Jan 12 16:44:34 hydenix kernel: usbcore: registered new interface driver hub
Jan 12 16:44:34 hydenix kernel: usbcore: registered new device driver usb
Jan 12 16:44:34 hydenix kernel: efivars: Registered efivars operations
Jan 12 16:44:34 hydenix kernel: NetLabel: Initializing
Jan 12 16:44:34 hydenix kernel: NetLabel:  domain hash size = 128
Jan 12 16:44:34 hydenix kernel: NetLabel:  protocols = UNLABELED CIPSOv4 CALIPSO
Jan 12 16:44:34 hydenix kernel: NetLabel:  unlabeled traffic allowed by default
Jan 12 16:44:34 hydenix kernel: PCI: Using ACPI for IRQ routing
Jan 12 16:44:34 hydenix kernel: PCI: pci_cache_line_size set to 64 bytes
Jan 12 16:44:34 hydenix kernel: e820: reserve RAM buffer [mem 0x0009f000-0x0009ffff]
Jan 12 16:44:34 hydenix kernel: e820: reserve RAM buffer [mem 0x84425000-0x87ffffff]
Jan 12 16:44:34 hydenix kernel: e820: reserve RAM buffer [mem 0x84642000-0x87ffffff]
Jan 12 16:44:34 hydenix kernel: e820: reserve RAM buffer [mem 0x88d58000-0x8bffffff]
Jan 12 16:44:34 hydenix kernel: e820: reserve RAM buffer [mem 0x9786e000-0x97ffffff]
Jan 12 16:44:34 hydenix kernel: e820: reserve RAM buffer [mem 0x99c4f000-0x9bffffff]
Jan 12 16:44:34 hydenix kernel: e820: reserve RAM buffer [mem 0x45e800000-0x45fffffff]
Jan 12 16:44:34 hydenix kernel: pci 0000:00:02.0: vgaarb: setting as boot VGA device
Jan 12 16:44:34 hydenix kernel: pci 0000:00:02.0: vgaarb: bridge control possible
Jan 12 16:44:34 hydenix kernel: pci 0000:00:02.0: vgaarb: VGA device added: decodes=io+mem,owns=io+mem,locks=none
Jan 12 16:44:34 hydenix kernel: pci 0000:01:00.0: vgaarb: bridge control possible
Jan 12 16:44:34 hydenix kernel: pci 0000:01:00.0: vgaarb: VGA device added: decodes=io+mem,owns=none,locks=none
Jan 12 16:44:34 hydenix kernel: vgaarb: loaded
Jan 12 16:44:34 hydenix kernel: Monitor-Mwait will be used to enter C-1 state
Jan 12 16:44:34 hydenix kernel: Monitor-Mwait will be used to enter C-2 state
Jan 12 16:44:34 hydenix kernel: Monitor-Mwait will be used to enter C-3 state
Jan 12 16:44:34 hydenix kernel: hpet0: at MMIO 0xfed00000, IRQs 2, 8, 0, 0, 0, 0, 0, 0
Jan 12 16:44:34 hydenix kernel: hpet0: 8 comparators, 64-bit 24.000000 MHz counter
Jan 12 16:44:34 hydenix kernel: clocksource: Switched to clocksource tsc-early
Jan 12 16:44:34 hydenix kernel: VFS: Disk quotas dquot_6.6.0
Jan 12 16:44:34 hydenix kernel: VFS: Dquot-cache hash table entries: 512 (order 0, 4096 bytes)
Jan 12 16:44:34 hydenix kernel: pnp: PnP ACPI init
Jan 12 16:44:34 hydenix kernel: system 00:00: [io  0x1800-0x18fe] could not be reserved
Jan 12 16:44:34 hydenix kernel: system 00:00: [mem 0xfd000000-0xfd69ffff] has been reserved
Jan 12 16:44:34 hydenix kernel: system 00:00: [mem 0xfd6c0000-0xfd6cffff] has been reserved
Jan 12 16:44:34 hydenix kernel: system 00:00: [mem 0xfd6f0000-0xfdffffff] has been reserved
Jan 12 16:44:34 hydenix kernel: system 00:00: [mem 0xfe000000-0xfe01ffff] could not be reserved
Jan 12 16:44:34 hydenix kernel: system 00:00: [mem 0xfe200000-0xfe7fffff] has been reserved
Jan 12 16:44:34 hydenix kernel: system 00:00: [mem 0xfc7e0000-0xfc7e0fff] has been reserved
Jan 12 16:44:34 hydenix kernel: system 00:00: [mem 0xff000000-0xffffffff] has been reserved
Jan 12 16:44:34 hydenix kernel: system 00:01: [io  0x2000-0x20fe] has been reserved
Jan 12 16:44:34 hydenix kernel: system 00:02: [io  0x0680-0x069f] has been reserved
Jan 12 16:44:34 hydenix kernel: system 00:02: [io  0x164e-0x164f] has been reserved
Jan 12 16:44:34 hydenix kernel: system 00:02: [io  0xfd60-0xfd63] has been reserved
Jan 12 16:44:34 hydenix kernel: system 00:05: [mem 0xfed10000-0xfed17fff] has been reserved
Jan 12 16:44:34 hydenix kernel: system 00:05: [mem 0xfed18000-0xfed18fff] has been reserved
Jan 12 16:44:34 hydenix kernel: system 00:05: [mem 0xfed19000-0xfed19fff] has been reserved
Jan 12 16:44:34 hydenix kernel: system 00:05: [mem 0xe0000000-0xefffffff] has been reserved
Jan 12 16:44:34 hydenix kernel: system 00:05: [mem 0xfed20000-0xfed3ffff] has been reserved
Jan 12 16:44:34 hydenix kernel: system 00:05: [mem 0xfed90000-0xfed93fff] could not be reserved
Jan 12 16:44:34 hydenix kernel: system 00:05: [mem 0xfed45000-0xfed8ffff] could not be reserved
Jan 12 16:44:34 hydenix kernel: system 00:05: [mem 0xfee00000-0xfeefffff] could not be reserved
Jan 12 16:44:34 hydenix kernel: system 00:06: [mem 0xfe038000-0xfe038fff] has been reserved
Jan 12 16:44:34 hydenix kernel: pnp: PnP ACPI: found 7 devices
Jan 12 16:44:34 hydenix kernel: clocksource: acpi_pm: mask: 0xffffff max_cycles: 0xffffff, max_idle_ns: 2085701024 ns
Jan 12 16:44:34 hydenix kernel: NET: Registered PF_INET protocol family
Jan 12 16:44:34 hydenix kernel: IP idents hash table entries: 262144 (order: 9, 2097152 bytes, linear)
Jan 12 16:44:34 hydenix kernel: tcp_listen_portaddr_hash hash table entries: 8192 (order: 5, 131072 bytes, linear)
Jan 12 16:44:34 hydenix kernel: Table-perturb hash table entries: 65536 (order: 6, 262144 bytes, linear)
Jan 12 16:44:34 hydenix kernel: TCP established hash table entries: 131072 (order: 8, 1048576 bytes, linear)
Jan 12 16:44:34 hydenix kernel: TCP bind hash table entries: 65536 (order: 9, 2097152 bytes, linear)
Jan 12 16:44:34 hydenix kernel: TCP: Hash tables configured (established 131072 bind 65536)
Jan 12 16:44:34 hydenix kernel: MPTCP token hash table entries: 16384 (order: 7, 393216 bytes, linear)
Jan 12 16:44:34 hydenix kernel: UDP hash table entries: 8192 (order: 7, 524288 bytes, linear)
Jan 12 16:44:34 hydenix kernel: UDP-Lite hash table entries: 8192 (order: 7, 524288 bytes, linear)
Jan 12 16:44:34 hydenix kernel: NET: Registered PF_UNIX/PF_LOCAL protocol family
Jan 12 16:44:34 hydenix kernel: NET: Registered PF_XDP protocol family
Jan 12 16:44:34 hydenix kernel: pci 0000:01:00.0: ROM [mem 0xfff80000-0xffffffff pref]: can't claim; no compatible bridge window
Jan 12 16:44:34 hydenix kernel: pci 0000:00:15.0: BAR 0 [mem 0x4010000000-0x4010000fff 64bit]: assigned
Jan 12 16:44:34 hydenix kernel: pci 0000:00:15.1: BAR 0 [mem 0x4010001000-0x4010001fff 64bit]: assigned
Jan 12 16:44:34 hydenix kernel: pci 0000:01:00.0: ROM [mem 0xa1080000-0xa10fffff pref]: assigned
Jan 12 16:44:34 hydenix kernel: pci 0000:00:01.0: PCI bridge to [bus 01-05]
Jan 12 16:44:34 hydenix kernel: pci 0000:00:01.0:   bridge window [io  0x4000-0x4fff]
Jan 12 16:44:34 hydenix kernel: pci 0000:00:01.0:   bridge window [mem 0xa0000000-0xa10fffff]
Jan 12 16:44:34 hydenix kernel: pci 0000:00:01.0:   bridge window [mem 0x6000000000-0x6101ffffff 64bit pref]
Jan 12 16:44:34 hydenix kernel: pci 0000:00:1b.0: PCI bridge to [bus 06]
Jan 12 16:44:34 hydenix kernel: pci 0000:00:1b.0:   bridge window [mem 0xa1200000-0xa12fffff]
Jan 12 16:44:34 hydenix kernel: pci 0000:00:1d.0: PCI bridge to [bus 07]
Jan 12 16:44:34 hydenix kernel: pci 0000:00:1d.0:   bridge window [io  0x3000-0x3fff]
Jan 12 16:44:34 hydenix kernel: pci 0000:00:1d.0:   bridge window [mem 0xa1100000-0xa11fffff]
Jan 12 16:44:34 hydenix kernel: pci_bus 0000:00: resource 4 [io  0x0000-0x0cf7 window]
Jan 12 16:44:34 hydenix kernel: pci_bus 0000:00: resource 5 [io  0x0d00-0xffff window]
Jan 12 16:44:34 hydenix kernel: pci_bus 0000:00: resource 6 [mem 0x000a0000-0x000bffff window]
Jan 12 16:44:34 hydenix kernel: pci_bus 0000:00: resource 7 [mem 0x9f800000-0xdfffffff window]
Jan 12 16:44:34 hydenix kernel: pci_bus 0000:00: resource 8 [mem 0x4000000000-0x7fffffffff window]
Jan 12 16:44:34 hydenix kernel: pci_bus 0000:00: resource 9 [mem 0xfc800000-0xfe7fffff window]
Jan 12 16:44:34 hydenix kernel: pci_bus 0000:01: resource 0 [io  0x4000-0x4fff]
Jan 12 16:44:34 hydenix kernel: pci_bus 0000:01: resource 1 [mem 0xa0000000-0xa10fffff]
Jan 12 16:44:34 hydenix kernel: pci_bus 0000:01: resource 2 [mem 0x6000000000-0x6101ffffff 64bit pref]
Jan 12 16:44:34 hydenix kernel: pci_bus 0000:06: resource 1 [mem 0xa1200000-0xa12fffff]
Jan 12 16:44:34 hydenix kernel: pci_bus 0000:07: resource 0 [io  0x3000-0x3fff]
Jan 12 16:44:34 hydenix kernel: pci_bus 0000:07: resource 1 [mem 0xa1100000-0xa11fffff]
Jan 12 16:44:34 hydenix kernel: pci 0000:01:00.1: extending delay after power-on from D3hot to 20 msec
Jan 12 16:44:34 hydenix kernel: pci 0000:01:00.1: D0 power state depends on 0000:01:00.0
Jan 12 16:44:34 hydenix kernel: PCI: CLS 64 bytes, default 64
Jan 12 16:44:34 hydenix kernel: PCI-DMA: Using software bounce buffering for IO (SWIOTLB)
Jan 12 16:44:34 hydenix kernel: software IO TLB: mapped [mem 0x0000000092d51000-0x0000000096d51000] (64MB)
Jan 12 16:44:34 hydenix kernel: Trying to unpack rootfs image as initramfs...
Jan 12 16:44:34 hydenix kernel: Initialise system trusted keyrings
Jan 12 16:44:34 hydenix kernel: workingset: timestamp_bits=40 max_order=22 bucket_order=0
Jan 12 16:44:34 hydenix kernel: Key type asymmetric registered
Jan 12 16:44:34 hydenix kernel: Asymmetric key parser 'x509' registered
Jan 12 16:44:34 hydenix kernel: Block layer SCSI generic (bsg) driver version 0.4 loaded (major 250)
Jan 12 16:44:34 hydenix kernel: io scheduler mq-deadline registered
Jan 12 16:44:34 hydenix kernel: io scheduler kyber registered
Jan 12 16:44:34 hydenix kernel: io scheduler bfq registered
Jan 12 16:44:34 hydenix kernel: pcieport 0000:00:01.0: PME: Signaling with IRQ 120
Jan 12 16:44:34 hydenix kernel: pcieport 0000:00:1b.0: PME: Signaling with IRQ 121
Jan 12 16:44:34 hydenix kernel: pcieport 0000:00:1d.0: PME: Signaling with IRQ 122
Jan 12 16:44:34 hydenix kernel: Serial: 8250/16550 driver, 4 ports, IRQ sharing enabled
Jan 12 16:44:34 hydenix kernel: Linux agpgart interface v0.103
Jan 12 16:44:34 hydenix kernel: ACPI: bus type drm_connector registered
Jan 12 16:44:34 hydenix kernel: usbcore: registered new interface driver usbserial_generic
Jan 12 16:44:34 hydenix kernel: usbserial: USB Serial support registered for generic
Jan 12 16:44:34 hydenix kernel: intel_pstate: Intel P-state driver initializing
Jan 12 16:44:34 hydenix kernel: intel_pstate: HWP enabled
Jan 12 16:44:34 hydenix kernel: simple-framebuffer simple-framebuffer.0: [drm] Registered 1 planes with drm panic
Jan 12 16:44:34 hydenix kernel: [drm] Initialized simpledrm 1.0.0 for simple-framebuffer.0 on minor 0
Jan 12 16:44:34 hydenix kernel: Console: switching to colour frame buffer device 240x67
Jan 12 16:44:34 hydenix kernel: simple-framebuffer simple-framebuffer.0: [drm] fb0: simpledrmdrmfb frame buffer device
Jan 12 16:44:34 hydenix kernel: drop_monitor: Initializing network drop monitor service
Jan 12 16:44:34 hydenix kernel: NET: Registered PF_INET6 protocol family
Jan 12 16:44:34 hydenix kernel: Segment Routing with IPv6
Jan 12 16:44:34 hydenix kernel: In-situ OAM (IOAM) with IPv6
Jan 12 16:44:34 hydenix kernel: ENERGY_PERF_BIAS: Set to 'normal', was 'performance'
Jan 12 16:44:34 hydenix kernel: microcode: Current revision: 0x00000100
Jan 12 16:44:34 hydenix kernel: microcode: Updated early from: 0x000000e2
Jan 12 16:44:34 hydenix kernel: IPI shorthand broadcast: enabled
Jan 12 16:44:34 hydenix kernel: sched_clock: Marking stable (390001190, 9618735)->(406903136, -7283211)
Jan 12 16:44:34 hydenix kernel: registered taskstats version 1
Jan 12 16:44:34 hydenix kernel: Loading compiled-in X.509 certificates
Jan 12 16:44:34 hydenix kernel: Demotion targets for Node 0: null
Jan 12 16:44:34 hydenix kernel: Key type .fscrypt registered
Jan 12 16:44:34 hydenix kernel: Key type fscrypt-provisioning registered
Jan 12 16:44:34 hydenix kernel: PM:   Magic number: 10:888:754
Jan 12 16:44:34 hydenix kernel: RAS: Correctable Errors collector initialized.
Jan 12 16:44:34 hydenix kernel: Freeing initrd memory: 32072K
Jan 12 16:44:34 hydenix kernel: clk: Disabling unused clocks
Jan 12 16:44:34 hydenix kernel: PM: genpd: Disabling unused power domains
Jan 12 16:44:34 hydenix kernel: Freeing unused decrypted memory: 2028K
Jan 12 16:44:34 hydenix kernel: Freeing unused kernel image (initmem) memory: 3584K
Jan 12 16:44:34 hydenix kernel: Write protecting the kernel read-only data: 32768k
Jan 12 16:44:34 hydenix kernel: Freeing unused kernel image (text/rodata gap) memory: 1664K
Jan 12 16:44:34 hydenix kernel: Freeing unused kernel image (rodata/data gap) memory: 1088K
Jan 12 16:44:34 hydenix kernel: x86/mm: Checked W+X mappings: passed, no W+X pages found.
Jan 12 16:44:34 hydenix kernel: Run /init as init process
Jan 12 16:44:34 hydenix kernel:   with arguments:
Jan 12 16:44:34 hydenix kernel:     /init
Jan 12 16:44:34 hydenix kernel:   with environment:
Jan 12 16:44:34 hydenix kernel:     HOME=/
Jan 12 16:44:34 hydenix kernel:     TERM=linux
Jan 12 16:44:34 hydenix stage-1-init: [Mon Jan 12 22:44:31 UTC 2026] loading module dm_mod...
Jan 12 16:44:34 hydenix kernel: device-mapper: ioctl: 4.50.0-ioctl (2025-04-28) initialised: dm-devel@lists.linux.dev
Jan 12 16:44:34 hydenix stage-1-init: [Mon Jan 12 22:44:31 UTC 2026] loading module i915...
Jan 12 16:44:34 hydenix kernel: wmi_bus wmi_bus-PNP0C14:00: [Firmware Bug]: WMBF method block execution control method not found
Jan 12 16:44:34 hydenix kernel: i915 0000:00:02.0: [drm] Found cometlake (device ID 9bc4) integrated display version 9.00 stepping N/A
Jan 12 16:44:34 hydenix kernel: Console: switching to colour dummy device 80x25
Jan 12 16:44:34 hydenix kernel: i915 0000:00:02.0: vgaarb: deactivate vga console
Jan 12 16:44:34 hydenix kernel: i915 0000:00:02.0: vgaarb: VGA decodes changed: olddecodes=io+mem,decodes=none:owns=io+mem
Jan 12 16:44:34 hydenix kernel: i915 0000:00:02.0: [drm] Finished loading DMC firmware i915/kbl_dmc_ver1_04.bin (v1.4)
Jan 12 16:44:34 hydenix kernel: i915 0000:00:02.0: [drm] Registered 3 planes with drm panic
Jan 12 16:44:34 hydenix kernel: [drm] Initialized i915 1.6.0 for 0000:00:02.0 on minor 1
Jan 12 16:44:34 hydenix kernel: ACPI: video: Video Device [GFX0] (multi-head: yes  rom: no  post: no)
Jan 12 16:44:34 hydenix kernel: input: Video Bus as /devices/LNXSYSTM:00/LNXSYBUS:00/PNP0A08:00/LNXVIDEO:00/input/input0
Jan 12 16:44:34 hydenix kernel: fbcon: i915drmfb (fb0) is primary device
Jan 12 16:44:34 hydenix kernel: Console: switching to colour frame buffer device 240x67
Jan 12 16:44:34 hydenix kernel: i915 0000:00:02.0: [drm] fb0: i915drmfb frame buffer device
Jan 12 16:44:34 hydenix stage-1-init: [Mon Jan 12 22:44:31 UTC 2026] running udev...
Jan 12 16:44:34 hydenix stage-1-init: [Mon Jan 12 22:44:31 UTC 2026] Starting systemd-udevd version 258.2
Jan 12 16:44:34 hydenix kernel: Key type psk registered
Jan 12 16:44:34 hydenix kernel: SCSI subsystem initialized
Jan 12 16:44:34 hydenix kernel: i8042: PNP: PS/2 Controller [PNP0303:PS2K] at 0x60,0x64 irq 1
Jan 12 16:44:34 hydenix kernel: i8042: PNP: PS/2 appears to have AUX port disabled, if this is incorrect please boot with i8042.nopnp
Jan 12 16:44:34 hydenix kernel: serio: i8042 KBD port at 0x60,0x64 irq 1
Jan 12 16:44:34 hydenix kernel: xhci_hcd 0000:00:14.0: xHCI Host Controller
Jan 12 16:44:34 hydenix kernel: xhci_hcd 0000:00:14.0: new USB bus registered, assigned bus number 1
Jan 12 16:44:34 hydenix kernel: xhci_hcd 0000:00:14.0: hcc params 0x200077c1 hci version 0x110 quirks 0x0000000000009810
Jan 12 16:44:34 hydenix kernel: xhci_hcd 0000:00:14.0: xHCI Host Controller
Jan 12 16:44:34 hydenix kernel: xhci_hcd 0000:00:14.0: new USB bus registered, assigned bus number 2
Jan 12 16:44:34 hydenix kernel: xhci_hcd 0000:00:14.0: Host supports USB 3.1 Enhanced SuperSpeed
Jan 12 16:44:34 hydenix kernel: usb usb1: New USB device found, idVendor=1d6b, idProduct=0002, bcdDevice= 6.18
Jan 12 16:44:34 hydenix kernel: usb usb1: New USB device strings: Mfr=3, Product=2, SerialNumber=1
Jan 12 16:44:34 hydenix kernel: usb usb1: Product: xHCI Host Controller
Jan 12 16:44:34 hydenix kernel: usb usb1: Manufacturer: Linux 6.18.2-zen2 xhci-hcd
Jan 12 16:44:34 hydenix kernel: usb usb1: SerialNumber: 0000:00:14.0
Jan 12 16:44:34 hydenix kernel: nvme 0000:06:00.0: platform quirk: setting simple suspend
Jan 12 16:44:34 hydenix kernel: hub 1-0:1.0: USB hub found
Jan 12 16:44:34 hydenix kernel: nvme nvme0: pci function 0000:06:00.0
Jan 12 16:44:34 hydenix kernel: hub 1-0:1.0: 16 ports detected
Jan 12 16:44:34 hydenix kernel: usb usb2: New USB device found, idVendor=1d6b, idProduct=0003, bcdDevice= 6.18
Jan 12 16:44:34 hydenix kernel: usb usb2: New USB device strings: Mfr=3, Product=2, SerialNumber=1
Jan 12 16:44:34 hydenix kernel: usb usb2: Product: xHCI Host Controller
Jan 12 16:44:34 hydenix kernel: usb usb2: Manufacturer: Linux 6.18.2-zen2 xhci-hcd
Jan 12 16:44:34 hydenix kernel: usb usb2: SerialNumber: 0000:00:14.0
Jan 12 16:44:34 hydenix kernel: hub 2-0:1.0: USB hub found
Jan 12 16:44:34 hydenix kernel: hub 2-0:1.0: 8 ports detected
Jan 12 16:44:34 hydenix kernel: libata version 3.00 loaded.
Jan 12 16:44:34 hydenix kernel: usb: port power management may be unreliable
Jan 12 16:44:34 hydenix kernel: hwmon hwmon0: temp1_input not attached to any thermal zone
Jan 12 16:44:34 hydenix kernel: nvme nvme0: 8/0/0 default/read/poll queues
Jan 12 16:44:34 hydenix kernel:  nvme0n1: p1 p2 p3
Jan 12 16:44:34 hydenix kernel: ahci 0000:00:17.0: AHCI vers 0001.0301, 32 command slots, 6 Gbps, SATA mode
Jan 12 16:44:34 hydenix kernel: ahci 0000:00:17.0: 1/1 ports implemented (port mask 0x1)
Jan 12 16:44:34 hydenix kernel: ahci 0000:00:17.0: flags: 64bit ncq sntf pm clo only pio slum part ems deso sadm sds apst 
Jan 12 16:44:34 hydenix kernel: scsi host0: ahci
Jan 12 16:44:34 hydenix kernel: ata1: SATA max UDMA/133 abar m2048@0xa1393000 port 0xa1393100 irq 141 lpm-pol 3
Jan 12 16:44:34 hydenix kernel: input: AT Translated Set 2 keyboard as /devices/platform/i8042/serio0/input/input1
Jan 12 16:44:34 hydenix kernel: tsc: Refined TSC clocksource calibration: 2495.999 MHz
Jan 12 16:44:34 hydenix kernel: clocksource: tsc: mask: 0xffffffffffffffff max_cycles: 0x23fa763a3d1, max_idle_ns: 440795313647 ns
Jan 12 16:44:34 hydenix kernel: clocksource: Switched to clocksource tsc
Jan 12 16:44:34 hydenix kernel: usb 1-2: new full-speed USB device number 2 using xhci_hcd
Jan 12 16:44:34 hydenix kernel: ata1: SATA link down (SStatus 4 SControl 300)
Jan 12 16:44:34 hydenix stage-1-init: [Mon Jan 12 22:44:32 UTC 2026] starting device mapper and LVM...
Jan 12 16:44:34 hydenix kernel: usb 1-2: New USB device found, idVendor=1532, idProduct=007b, bcdDevice= 2.00
Jan 12 16:44:34 hydenix kernel: usb 1-2: New USB device strings: Mfr=1, Product=2, SerialNumber=0
Jan 12 16:44:34 hydenix kernel: usb 1-2: Product: Razer Viper Ultimate Dongle
Jan 12 16:44:34 hydenix kernel: usb 1-2: Manufacturer: Razer
Jan 12 16:44:34 hydenix kernel: hid: raw HID events driver (C) Jiri Kosina
Jan 12 16:44:34 hydenix kernel: usbcore: registered new interface driver usbhid
Jan 12 16:44:34 hydenix kernel: usbhid: USB HID core driver
Jan 12 16:44:34 hydenix kernel: input: Razer Razer Viper Ultimate Dongle as /devices/pci0000:00/0000:00:14.0/usb1/1-2/1-2:1.0/0003:1532:007B.0001/input/input2
Jan 12 16:44:34 hydenix kernel: hid-generic 0003:1532:007B.0001: input,hidraw0: USB HID v1.11 Mouse [Razer Razer Viper Ultimate Dongle] on usb-0000:00:14.0-2/input0
Jan 12 16:44:34 hydenix kernel: input: Razer Razer Viper Ultimate Dongle Keyboard as /devices/pci0000:00/0000:00:14.0/usb1/1-2/1-2:1.1/0003:1532:007B.0002/input/input3
Jan 12 16:44:34 hydenix kernel: PM: Image not found (code -22)
Jan 12 16:44:34 hydenix kernel: input: Razer Razer Viper Ultimate Dongle as /devices/pci0000:00/0000:00:14.0/usb1/1-2/1-2:1.1/0003:1532:007B.0002/input/input4
Jan 12 16:44:34 hydenix kernel: hid-generic 0003:1532:007B.0002: input,hidraw1: USB HID v1.11 Keyboard [Razer Razer Viper Ultimate Dongle] on usb-0000:00:14.0-2/input1
Jan 12 16:44:34 hydenix kernel: input: Razer Razer Viper Ultimate Dongle as /devices/pci0000:00/0000:00:14.0/usb1/1-2/1-2:1.2/0003:1532:007B.0003/input/input5
Jan 12 16:44:34 hydenix kernel: usb 2-4: new SuperSpeed USB device number 2 using xhci_hcd
Jan 12 16:44:34 hydenix kernel: hid-generic 0003:1532:007B.0003: input,hidraw2: USB HID v1.11 Keyboard [Razer Razer Viper Ultimate Dongle] on usb-0000:00:14.0-2/input2
Jan 12 16:44:34 hydenix kernel: usb 2-4: New USB device found, idVendor=05e3, idProduct=0626, bcdDevice= 6.63
Jan 12 16:44:34 hydenix kernel: usb 2-4: New USB device strings: Mfr=1, Product=2, SerialNumber=0
Jan 12 16:44:34 hydenix kernel: usb 2-4: Product: USB3.1 Hub
Jan 12 16:44:34 hydenix kernel: usb 2-4: Manufacturer: GenesysLogic
Jan 12 16:44:34 hydenix kernel: hub 2-4:1.0: USB hub found
Jan 12 16:44:34 hydenix kernel: hub 2-4:1.0: 4 ports detected
Jan 12 16:44:34 hydenix stage-1-init: [Mon Jan 12 22:44:32 UTC 2026] checking /dev/disk/by-uuid/26556352-790a-4be3-a1e4-694318728b1b...
Jan 12 16:44:34 hydenix stage-1-init: [Mon Jan 12 22:44:32 UTC 2026] fsck (busybox 1.36.1)
Jan 12 16:44:34 hydenix stage-1-init: [Mon Jan 12 22:44:32 UTC 2026] [fsck.ext4 (1) -- /mnt-root/] fsck.ext4 -a /dev/disk/by-uuid/26556352-790a-4be3-a1e4-694318728b1b
Jan 12 16:44:34 hydenix stage-1-init: [Mon Jan 12 22:44:32 UTC 2026] root: recovering journal
Jan 12 16:44:34 hydenix kernel: usb 1-4: new high-speed USB device number 3 using xhci_hcd
Jan 12 16:44:34 hydenix kernel: usb 1-4: New USB device found, idVendor=05e3, idProduct=0610, bcdDevice= 6.63
Jan 12 16:44:34 hydenix kernel: usb 1-4: New USB device strings: Mfr=1, Product=2, SerialNumber=0
Jan 12 16:44:34 hydenix kernel: usb 1-4: Product: USB2.1 Hub
Jan 12 16:44:34 hydenix kernel: usb 1-4: Manufacturer: GenesysLogic
Jan 12 16:44:34 hydenix kernel: hub 1-4:1.0: USB hub found
Jan 12 16:44:34 hydenix kernel: hub 1-4:1.0: 4 ports detected
Jan 12 16:44:34 hydenix kernel: usb 2-5: new SuperSpeed USB device number 3 using xhci_hcd
Jan 12 16:44:34 hydenix kernel: usb 2-5: New USB device found, idVendor=0781, idProduct=55bb, bcdDevice=60.04
Jan 12 16:44:34 hydenix kernel: usb 2-5: New USB device strings: Mfr=2, Product=3, SerialNumber=1
Jan 12 16:44:34 hydenix kernel: usb 2-5: Product: Portable SSD
Jan 12 16:44:34 hydenix kernel: usb 2-5: Manufacturer: SanDisk
Jan 12 16:44:34 hydenix kernel: usb 2-5: SerialNumber: 323432364254343034373531
Jan 12 16:44:34 hydenix kernel: usb 1-5: new high-speed USB device number 4 using xhci_hcd
Jan 12 16:44:34 hydenix kernel: usb 1-5: New USB device found, idVendor=0408, idProduct=a061, bcdDevice= 0.04
Jan 12 16:44:34 hydenix kernel: usb 1-5: New USB device strings: Mfr=1, Product=2, SerialNumber=0
Jan 12 16:44:34 hydenix kernel: usb 1-5: Product: HD User Facing
Jan 12 16:44:34 hydenix kernel: usb 1-5: Manufacturer: SunplusIT Inc
Jan 12 16:44:34 hydenix kernel: usb 1-4.2: new low-speed USB device number 5 using xhci_hcd
Jan 12 16:44:34 hydenix kernel: usb 1-4.2: New USB device found, idVendor=413c, idProduct=2105, bcdDevice= 3.51
Jan 12 16:44:34 hydenix kernel: usb 1-4.2: New USB device strings: Mfr=1, Product=2, SerialNumber=0
Jan 12 16:44:34 hydenix kernel: usb 1-4.2: Product: Dell USB Keyboard
Jan 12 16:44:34 hydenix kernel: usb 1-4.2: Manufacturer: Dell
Jan 12 16:44:34 hydenix kernel: input: Dell Dell USB Keyboard as /devices/pci0000:00/0000:00:14.0/usb1/1-4/1-4.2/1-4.2:1.0/0003:413C:2105.0004/input/input6
Jan 12 16:44:34 hydenix stage-1-init: [Mon Jan 12 22:44:33 UTC 2026] root: Clearing orphaned inode 27263343 (uid=0, gid=0, mode=0100000, size=105558016)
Jan 12 16:44:34 hydenix stage-1-init: [Mon Jan 12 22:44:33 UTC 2026] root: Clearing orphaned inode 17854514 (uid=1001, gid=100, mode=0100644, size=1348)
Jan 12 16:44:34 hydenix stage-1-init: [Mon Jan 12 22:44:33 UTC 2026] root: Clearing orphaned inode 17884392 (uid=1001, gid=100, mode=0100644, size=1180)
Jan 12 16:44:34 hydenix stage-1-init: [Mon Jan 12 22:44:33 UTC 2026] root: Clearing orphaned inode 27263272 (uid=1001, gid=100, mode=0100600, size=0)
Jan 12 16:44:34 hydenix stage-1-init: [Mon Jan 12 22:44:33 UTC 2026] root: Clearing orphaned inode 27263627 (uid=1001, gid=100, mode=0100755, size=21608)
Jan 12 16:44:34 hydenix stage-1-init: [Mon Jan 12 22:44:33 UTC 2026] root: Clearing orphaned inode 17826113 (uid=1001, gid=100, mode=0100644, size=1100)
Jan 12 16:44:34 hydenix stage-1-init: [Mon Jan 12 22:44:33 UTC 2026] root: Clearing orphaned inode 27263609 (uid=1001, gid=100, mode=0100755, size=17232)
Jan 12 16:44:34 hydenix stage-1-init: [Mon Jan 12 22:44:33 UTC 2026] root: Clearing orphaned inode 17885326 (uid=1001, gid=100, mode=0100644, size=32)
Jan 12 16:44:34 hydenix stage-1-init: [Mon Jan 12 22:44:33 UTC 2026] root: Clearing orphaned inode 17885322 (uid=1001, gid=100, mode=0100644, size=1180)
Jan 12 16:44:34 hydenix stage-1-init: [Mon Jan 12 22:44:33 UTC 2026] root: clean, 3501643/30081024 files, 26386817/120307808 blocks
Jan 12 16:44:34 hydenix kernel: hid-generic 0003:413C:2105.0004: input,hidraw3: USB HID v1.10 Keyboard [Dell Dell USB Keyboard] on usb-0000:00:14.0-4.2/input0
Jan 12 16:44:34 hydenix stage-1-init: [Mon Jan 12 22:44:33 UTC 2026] mounting /dev/disk/by-uuid/26556352-790a-4be3-a1e4-694318728b1b on /...
Jan 12 16:44:34 hydenix kernel: usb 1-14: new full-speed USB device number 6 using xhci_hcd
Jan 12 16:44:34 hydenix kernel: EXT4-fs (nvme0n1p2): mounted filesystem 26556352-790a-4be3-a1e4-694318728b1b r/w with ordered data mode. Quota mode: none.
Jan 12 16:44:34 hydenix kernel: usb 1-14: New USB device found, idVendor=8087, idProduct=0026, bcdDevice= 0.02
Jan 12 16:44:34 hydenix kernel: usb 1-14: New USB device strings: Mfr=0, Product=0, SerialNumber=0
Jan 12 16:44:34 hydenix kernel: EXT4-fs (nvme0n1p2): re-mounted 26556352-790a-4be3-a1e4-694318728b1b.
Jan 12 16:44:34 hydenix unknown: booting system configuration /nix/store/pl7gjd2dkk6m9f2qmgj529ql0pwjhjmw-nixos-system-hydenix-26.05.20251229.95e96e8
Jan 12 16:44:34 hydenix stage-2-init: running activation script...
Jan 12 16:44:34 hydenix stage-2-init: setting up /etc...
Jan 12 16:44:34 hydenix systemd[1]: Inserted module 'autofs4'
Jan 12 16:44:34 hydenix systemd[1]: systemd 258.2 running in system mode (+PAM +AUDIT -SELINUX +APPARMOR +IMA +IPE +SMACK +SECCOMP +GCRYPT -GNUTLS +OPENSSL +ACL +BLKID +CURL +ELFUTILS +FIDO2 +IDN2 -IDN -IPTC +KMOD +LIBCRYPTSETUP +LIBCRYPTSETUP_PLUGINS +LIBFDISK +PCRE2 +PWQUALITY +P11KIT +QRENCODE +TPM2 +BZIP2 +LZ4 +XZ +ZLIB +ZSTD +BPF_FRAMEWORK -BTF -XKBCOMMON +UTMP -SYSVINIT +LIBARCHIVE)
Jan 12 16:44:34 hydenix systemd[1]: Detected architecture x86-64.
Jan 12 16:44:34 hydenix systemd[1]: Hostname set to <hydenix>.
Jan 12 16:44:34 hydenix systemd[1]: bpf-restrict-fs: LSM BPF program attached
Jan 12 16:44:34 hydenix systemd[1]: Queued start job for default target Graphical Interface.
Jan 12 16:44:34 hydenix systemd[1]: Created slice Slice /system/modprobe.
Jan 12 16:44:34 hydenix systemd[1]: Created slice Slice /system/systemd-fsck.
Jan 12 16:44:34 hydenix systemd[1]: Created slice User and Session Slice.
Jan 12 16:44:34 hydenix systemd[1]: Started Dispatch Password Requests to Console Directory Watch.
Jan 12 16:44:34 hydenix systemd[1]: Started Forward Password Requests to Wall Directory Watch.
Jan 12 16:44:34 hydenix systemd[1]: Expecting device /dev/disk/by-uuid/268F-03E0...
Jan 12 16:44:34 hydenix systemd[1]: Expecting device /dev/disk/by-uuid/82250e78-4142-4376-bef7-200b513b7417...
Jan 12 16:44:34 hydenix systemd[1]: Expecting device /dev/tpm0...
Jan 12 16:44:34 hydenix systemd[1]: Expecting device /dev/tpmrm0...
Jan 12 16:44:34 hydenix systemd[1]: Reached target Local Encrypted Volumes.
Jan 12 16:44:34 hydenix systemd[1]: Reached target Login Prompts.
Jan 12 16:44:34 hydenix systemd[1]: Reached target Virtual Machines and Containers.
Jan 12 16:44:34 hydenix systemd[1]: Reached target Path Units.
Jan 12 16:44:34 hydenix systemd[1]: Reached target Remote File Systems.
Jan 12 16:44:34 hydenix systemd[1]: Reached target Slice Units.
Jan 12 16:44:34 hydenix systemd[1]: Listening on Process Core Dump Socket.
Jan 12 16:44:34 hydenix systemd[1]: Listening on Credential Encryption/Decryption.
Jan 12 16:44:34 hydenix systemd[1]: Listening on Journal Audit Socket.
Jan 12 16:44:34 hydenix systemd[1]: Listening on Journal Socket (/dev/log).
Jan 12 16:44:34 hydenix systemd[1]: Listening on Journal Sockets.
Jan 12 16:44:34 hydenix systemd[1]: Listening on Userspace Out-Of-Memory (OOM) Killer Socket.
Jan 12 16:44:34 hydenix systemd[1]: Listening on udev Control Socket.
Jan 12 16:44:34 hydenix systemd[1]: Listening on udev Kernel Socket.
Jan 12 16:44:34 hydenix systemd[1]: Mounting Huge Pages File System...
Jan 12 16:44:34 hydenix systemd[1]: Mounting POSIX Message Queue File System...
Jan 12 16:44:34 hydenix systemd[1]: Mounting Kernel Debug File System...
Jan 12 16:44:34 hydenix systemd[1]: Mounting Kernel Trace File System...
Jan 12 16:44:34 hydenix systemd[1]: Starting Create List of Static Device Nodes...
Jan 12 16:44:34 hydenix systemd[1]: Starting Load Kernel Module configfs...
Jan 12 16:44:34 hydenix systemd[1]: Load Kernel Module drm was skipped because of an unmet condition check (ConditionKernelModuleLoaded=!drm).
Jan 12 16:44:34 hydenix systemd[1]: Starting Load Kernel Module efi_pstore...
Jan 12 16:44:34 hydenix systemd[1]: Starting Load Kernel Module fuse...
Jan 12 16:44:34 hydenix systemd[1]: File System Check on Root Device was skipped because of an unmet condition check (ConditionPathIsReadWrite=!/).
Jan 12 16:44:34 hydenix systemd[1]: Clear Stale Hibernate Storage Info was skipped because of an unmet condition check (ConditionPathExists=/sys/firmware/efi/efivars/HibernateLocation-8cf2644b-4b0b-428f-9387-6d876050dc67).
Jan 12 16:44:34 hydenix systemd[1]: Starting Journal Service...
Jan 12 16:44:34 hydenix systemd[1]: Starting Load Kernel Modules...
Jan 12 16:44:34 hydenix systemd[1]: Starting Remount Root and Kernel File Systems...
Jan 12 16:44:34 hydenix kernel: pstore: Using crash dump compression: deflate
Jan 12 16:44:34 hydenix systemd[1]: Starting Coldplug All udev Devices...
Jan 12 16:44:34 hydenix systemd[1]: Mounted Huge Pages File System.
Jan 12 16:44:34 hydenix systemd[1]: Mounted POSIX Message Queue File System.
Jan 12 16:44:34 hydenix systemd[1]: Mounted Kernel Debug File System.
Jan 12 16:44:34 hydenix systemd[1]: Mounted Kernel Trace File System.
Jan 12 16:44:34 hydenix systemd[1]: Finished Create List of Static Device Nodes.
Jan 12 16:44:34 hydenix systemd[1]: modprobe@configfs.service: Deactivated successfully.
Jan 12 16:44:34 hydenix systemd[1]: Finished Load Kernel Module configfs.
Jan 12 16:44:34 hydenix systemd[1]: Mounting Kernel Configuration File System...
Jan 12 16:44:34 hydenix systemd[1]: Starting Create Static Device Nodes in /dev gracefully...
Jan 12 16:44:34 hydenix kernel: fuse: init (API version 7.45)
Jan 12 16:44:34 hydenix systemd[1]: modprobe@fuse.service: Deactivated successfully.
Jan 12 16:44:34 hydenix systemd[1]: Finished Load Kernel Module fuse.
Jan 12 16:44:34 hydenix systemd-journald[481]: Collecting audit messages is enabled.
Jan 12 16:44:34 hydenix kernel: EXT4-fs (nvme0n1p2): re-mounted 26556352-790a-4be3-a1e4-694318728b1b.
Jan 12 16:44:34 hydenix systemd[1]: Mounting FUSE Control File System...
Jan 12 16:44:34 hydenix systemd[1]: Finished Remount Root and Kernel File Systems.
Jan 12 16:44:34 hydenix systemd[1]: Mounted Kernel Configuration File System.
Jan 12 16:44:34 hydenix systemd[1]: Starting Load/Save OS Random Seed...
Jan 12 16:44:34 hydenix systemd[1]: Starting Network Time Synchronization...
Jan 12 16:44:34 hydenix systemd[1]: Mounted FUSE Control File System.
Jan 12 16:44:34 hydenix systemd[1]: Finished Load/Save OS Random Seed.
Jan 12 16:44:34 hydenix systemd[1]: First Boot Complete was skipped because of an unmet condition check (ConditionFirstBoot=yes).
Jan 12 16:44:34 hydenix systemd[1]: Finished Create Static Device Nodes in /dev gracefully.
Jan 12 16:44:34 hydenix kernel: pstore: Registered efi_pstore as persistent store backend
Jan 12 16:44:34 hydenix systemd[1]: Starting Create Static Device Nodes in /dev...
Jan 12 16:44:34 hydenix systemd[1]: modprobe@efi_pstore.service: Deactivated successfully.
Jan 12 16:44:34 hydenix systemd[1]: Finished Load Kernel Module efi_pstore.
Jan 12 16:44:34 hydenix systemd[1]: Platform Persistent Storage Archival was skipped because of an unmet condition check (ConditionDirectoryNotEmpty=/sys/fs/pstore).
Jan 12 16:44:34 hydenix systemd[1]: Finished Create Static Device Nodes in /dev.
Jan 12 16:44:34 hydenix systemd[1]: Reached target Preparation for Local File Systems.
Jan 12 16:44:34 hydenix systemd[1]: Set up automount mnt-arik_s_disk.automount.
Jan 12 16:44:34 hydenix systemd-journald[481]: Journal started
Jan 12 16:44:34 hydenix systemd-journald[481]: Runtime Journal (/run/log/journal/7db498de8abb4f248efd6031708744a1) is 8M, max 395.6M, 387.6M free.
Jan 12 16:44:34 hydenix systemd-modules-load[482]: Module 'ctr' is built in
Jan 12 16:44:34 hydenix systemd[1]: Starting Rule-based Manager for Device Events and Files...
Jan 12 16:44:34 hydenix systemd[1]: Started Journal Service.
Jan 12 16:44:34 hydenix systemd[1]: Starting Flush Journal to Persistent Storage...
Jan 12 16:44:34 hydenix systemd-timesyncd[493]: Disabling NSCD because DNSSEC validation is turned off
Jan 12 16:44:34 hydenix systemd[1]: Started Network Time Synchronization.
Jan 12 16:44:34 hydenix systemd-journald[481]: Time spent on flushing to /var/log/journal/7db498de8abb4f248efd6031708744a1 is 7.996ms for 844 entries.
Jan 12 16:44:34 hydenix systemd-journald[481]: System Journal (/var/log/journal/7db498de8abb4f248efd6031708744a1) is 851.4M, max 4G, 3.1G free.
Jan 12 16:44:34 hydenix systemd-journald[481]: Received client request to flush runtime journal.
Jan 12 16:44:34 hydenix systemd-modules-load[482]: Inserted module 'kvm_intel'
Jan 12 16:44:34 hydenix systemd-journald[481]: File /var/log/journal/7db498de8abb4f248efd6031708744a1/system.journal corrupted or uncleanly shut down, renaming and replacing.
Jan 12 16:44:34 hydenix systemd-udevd[498]: Using default interface naming scheme 'v258'.
Jan 12 16:44:34 hydenix kernel: loop: module loaded
Jan 12 16:44:34 hydenix systemd-modules-load[482]: Inserted module 'loop'
Jan 12 16:44:34 hydenix systemd[1]: Finished Flush Journal to Persistent Storage.
Jan 12 16:44:34 hydenix systemd[1]: Started Rule-based Manager for Device Events and Files.
Jan 12 16:44:34 hydenix systemd[1]: Finished Coldplug All udev Devices.
Jan 12 16:44:34 hydenix mtp-probe[556]: checking bus 1, device 2: "/sys/devices/pci0000:00/0000:00:14.0/usb1/1-2"
Jan 12 16:44:34 hydenix mtp-probe[556]: bus: 1, device: 2 was not an MTP device
Jan 12 16:44:34 hydenix mtp-probe[557]: checking bus 1, device 5: "/sys/devices/pci0000:00/0000:00:14.0/usb1/1-4/1-4.2"
Jan 12 16:44:34 hydenix mtp-probe[557]: bus: 1, device: 5 was not an MTP device
Jan 12 16:44:34 hydenix kernel: input: Acer Wireless Radio Control as /devices/LNXSYSTM:00/10251229:00/input/input7
Jan 12 16:44:34 hydenix kernel: input: Lid Switch as /devices/LNXSYSTM:00/LNXSYBUS:00/PNP0A08:00/device:19/PNP0C0D:00/input/input8
Jan 12 16:44:34 hydenix kernel: ACPI: button: Lid Switch [LID0]
Jan 12 16:44:34 hydenix kernel: input: Sleep Button as /devices/LNXSYSTM:00/LNXSYBUS:00/PNP0C0E:00/input/input9
Jan 12 16:44:34 hydenix kernel: ACPI: button: Sleep Button [SLPB]
Jan 12 16:44:34 hydenix kernel: input: Power Button as /devices/LNXSYSTM:00/LNXSYBUS:00/PNP0C0C:00/input/input10
Jan 12 16:44:34 hydenix kernel: ACPI: button: Power Button [PWRB]
Jan 12 16:44:34 hydenix kernel: intel_pmc_core INT33A1:00:  initialized
Jan 12 16:44:34 hydenix kernel: input: Power Button as /devices/LNXSYSTM:00/LNXPWRBN:00/input/input11
Jan 12 16:44:34 hydenix kernel: ACPI: button: Power Button [PWRF]
Jan 12 16:44:34 hydenix kernel: rtc_cmos 00:03: RTC can wake from S4
Jan 12 16:44:34 hydenix kernel: ACPI: battery: Slot [BAT1] (battery present)
Jan 12 16:44:35 hydenix kernel: rtc_cmos 00:03: registered as rtc0
Jan 12 16:44:35 hydenix kernel: rtc_cmos 00:03: setting system clock to 2026-01-12T22:44:35 UTC (1768257875)
Jan 12 16:44:35 hydenix kernel: rtc_cmos 00:03: alarms up to one month, y3k, 242 bytes nvram
Jan 12 16:44:35 hydenix systemd[1]: Found device WDC PC SN530 SDBPNPZ-512G-1114 EFI.
Jan 12 16:44:35 hydenix kernel: ACPI: AC: AC Adapter [ACAD] (on-line)
Jan 12 16:44:35 hydenix kernel: usbcore: registered new device driver onboard-usb-dev
Jan 12 16:44:35 hydenix mtp-probe[565]: checking bus 1, device 4: "/sys/devices/pci0000:00/0000:00:14.0/usb1/1-5"
Jan 12 16:44:35 hydenix mtp-probe[565]: bus: 1, device: 4 was not an MTP device
Jan 12 16:44:35 hydenix kernel: intel-lpss 0000:00:15.0: enabling device (0004 -> 0006)
Jan 12 16:44:35 hydenix kernel: idma64 idma64.0: Found Intel integrated DMA 64-bit
Jan 12 16:44:35 hydenix systemd[1]: Found device WDC PC SN530 SDBPNPZ-512G-1114 swap.
Jan 12 16:44:35 hydenix kernel: mei_me 0000:00:16.0: enabling device (0000 -> 0002)
Jan 12 16:44:35 hydenix kernel: mousedev: PS/2 mouse device common for all mice
Jan 12 16:44:35 hydenix kernel: intel-lpss 0000:00:15.1: enabling device (0004 -> 0006)
Jan 12 16:44:35 hydenix kernel: idma64 idma64.1: Found Intel integrated DMA 64-bit
Jan 12 16:44:35 hydenix systemd[1]: Activating swap /dev/disk/by-uuid/82250e78-4142-4376-bef7-200b513b7417...
Jan 12 16:44:35 hydenix systemd[1]: Starting File System Check on /dev/disk/by-uuid/268F-03E0...
Jan 12 16:44:35 hydenix kernel: Adding 17825712k swap on /dev/nvme0n1p3.  Priority:-2 extents:1 across:17825712k SS
Jan 12 16:44:35 hydenix mtp-probe[571]: checking bus 2, device 3: "/sys/devices/pci0000:00/0000:00:14.0/usb2/2-5"
Jan 12 16:44:35 hydenix mtp-probe[571]: bus: 2, device: 3 was not an MTP device
Jan 12 16:44:35 hydenix kernel: i801_smbus 0000:00:1f.4: SPD Write Disable is set
Jan 12 16:44:35 hydenix kernel: i801_smbus 0000:00:1f.4: SMBus using PCI interrupt
Jan 12 16:44:35 hydenix kernel: mc: Linux media interface: v0.10
Jan 12 16:44:35 hydenix kernel: i2c i2c-7: Successfully instantiated SPD at 0x50
Jan 12 16:44:35 hydenix systemd[1]: Activated swap /dev/disk/by-uuid/82250e78-4142-4376-bef7-200b513b7417.
Jan 12 16:44:35 hydenix systemd[1]: Created slice Slice /system/systemd-backlight.
Jan 12 16:44:35 hydenix systemd[1]: Reached target Swaps.
Jan 12 16:44:35 hydenix systemd[1]: Starting Load/Save Screen Backlight Brightness of backlight:intel_backlight...
Jan 12 16:44:35 hydenix systemd[1]: Starting Userspace Out-Of-Memory (OOM) Killer...
Jan 12 16:44:35 hydenix systemd-fsck[575]: fsck.fat 4.2 (2021-01-31)
Jan 12 16:44:35 hydenix systemd-fsck[575]: There are differences between boot sector and its backup.
Jan 12 16:44:35 hydenix systemd-fsck[575]: This is mostly harmless. Differences: (offset:original/backup)
Jan 12 16:44:35 hydenix systemd-fsck[575]:   65:01/00
Jan 12 16:44:35 hydenix systemd-fsck[575]:   Not automatically fixing this.
Jan 12 16:44:35 hydenix systemd-fsck[575]: Dirty bit is set. Fs was not properly unmounted and some data may be corrupt.
Jan 12 16:44:35 hydenix systemd-fsck[575]:  Automatically removing dirty bit.
Jan 12 16:44:35 hydenix systemd-fsck[575]: *** Filesystem was changed ***
Jan 12 16:44:35 hydenix systemd-fsck[575]: Writing changes.
Jan 12 16:44:35 hydenix systemd-fsck[575]: /dev/nvme0n1p1: 122 files, 41015/261628 clusters
Jan 12 16:44:35 hydenix kernel: cfg80211: Loading compiled-in X.509 certificates for regulatory database
Jan 12 16:44:35 hydenix systemd-timesyncd[493]: Network configuration changed, trying to establish connection.
Jan 12 16:44:35 hydenix kernel: Loaded X.509 cert 'sforshee: 00b28ddf47aef9cea7'
Jan 12 16:44:35 hydenix kernel: Loaded X.509 cert 'wens: 61c038651aabdcf94bd0ac7ff06c7248db18c600'
Jan 12 16:44:35 hydenix systemd[1]: Finished File System Check on /dev/disk/by-uuid/268F-03E0.
Jan 12 16:44:35 hydenix systemd-timesyncd[493]: Network configuration changed, trying to establish connection.
Jan 12 16:44:35 hydenix systemd-timesyncd[493]: Network configuration changed, trying to establish connection.
Jan 12 16:44:35 hydenix systemd[1]: Finished Load/Save Screen Backlight Brightness of backlight:intel_backlight.
Jan 12 16:44:35 hydenix kernel: Bluetooth: Core ver 2.22
Jan 12 16:44:35 hydenix kernel: NET: Registered PF_BLUETOOTH protocol family
Jan 12 16:44:35 hydenix kernel: Bluetooth: HCI device and connection manager initialized
Jan 12 16:44:35 hydenix kernel: Bluetooth: HCI socket layer initialized
Jan 12 16:44:35 hydenix kernel: Bluetooth: L2CAP socket layer initialized
Jan 12 16:44:35 hydenix kernel: Bluetooth: SCO socket layer initialized
Jan 12 16:44:35 hydenix kernel: usbcore: registered new interface driver usb-storage
Jan 12 16:44:35 hydenix kernel: nvidia: loading out-of-tree module taints kernel.
Jan 12 16:44:35 hydenix kernel: input: ELAN050A:01 04F3:3158 Mouse as /devices/pci0000:00/0000:00:15.1/i2c_designware.1/i2c-6/i2c-ELAN050A:01/0018:04F3:3158.0005/input/input12
Jan 12 16:44:35 hydenix kernel: input: ELAN050A:01 04F3:3158 Touchpad as /devices/pci0000:00/0000:00:15.1/i2c_designware.1/i2c-6/i2c-ELAN050A:01/0018:04F3:3158.0005/input/input14
Jan 12 16:44:35 hydenix kernel: hid-generic 0018:04F3:3158.0005: input,hidraw4: I2C HID v1.00 Mouse [ELAN050A:01 04F3:3158] on i2c-ELAN050A:01
Jan 12 16:44:35 hydenix kernel: acer_wmi: Acer Laptop ACPI-WMI Extras
Jan 12 16:44:35 hydenix kernel: acer_wmi: Function bitmap for Communication Button: 0x800
Jan 12 16:44:35 hydenix systemd[1]: Starting Virtual Console Setup...
Jan 12 16:44:35 hydenix systemd[1]: Started Userspace Out-Of-Memory (OOM) Killer.
Jan 12 16:44:35 hydenix kernel: input: Acer WMI hotkeys as /devices/virtual/input/input15
Jan 12 16:44:35 hydenix systemd[1]: systemd-vconsole-setup.service: Deactivated successfully.
Jan 12 16:44:35 hydenix systemd[1]: Stopped Virtual Console Setup.
Jan 12 16:44:35 hydenix systemd[1]: Starting Virtual Console Setup...
Jan 12 16:44:35 hydenix systemd[1]: Found device /dev/tpm0.
Jan 12 16:44:35 hydenix systemd[1]: Found device /dev/tpmrm0.
Jan 12 16:44:35 hydenix systemd[1]: Reached target Trusted Platform Module.
Jan 12 16:44:35 hydenix systemd[1]: Make TPM PCR Policy was skipped because of an unmet condition check (ConditionSecurity=measured-uki).
Jan 12 16:44:35 hydenix systemd[1]: Early TPM SRK Setup was skipped because of an unmet condition check (ConditionSecurity=measured-uki).
Jan 12 16:44:35 hydenix systemd[1]: TPM SRK Setup was skipped because of an unmet condition check (ConditionSecurity=measured-uki).
Jan 12 16:44:35 hydenix systemd[1]: Finished Virtual Console Setup.
Jan 12 16:44:35 hydenix systemd[1]: Listening on Load/Save RF Kill Switch Status /dev/rfkill Watch.
Jan 12 16:44:35 hydenix systemd[1]: Starting Load/Save RF Kill Switch Status...
Jan 12 16:44:35 hydenix kernel: intel_rapl_common: Found RAPL domain package
Jan 12 16:44:35 hydenix kernel: intel_rapl_common: Found RAPL domain core
Jan 12 16:44:35 hydenix kernel: intel_rapl_common: Found RAPL domain uncore
Jan 12 16:44:35 hydenix kernel: intel_rapl_common: Found RAPL domain dram
Jan 12 16:44:35 hydenix kernel: nvidia-nvlink: Nvlink Core is being initialized, major device number 236
Jan 12 16:44:35 hydenix kernel: 
Jan 12 16:44:35 hydenix kernel: nvidia 0000:01:00.0: enabling device (0006 -> 0007)
Jan 12 16:44:35 hydenix kernel: nvidia 0000:01:00.0: vgaarb: VGA decodes changed: olddecodes=io+mem,decodes=none:owns=none
Jan 12 16:44:35 hydenix kernel: ee1004 7-0050: 512 byte EE1004-compliant SPD EEPROM, read-only
Jan 12 16:44:35 hydenix kernel: RAPL PMU: API unit is 2^-32 Joules, 4 fixed counters, 655360 ms ovfl timer
Jan 12 16:44:35 hydenix kernel: RAPL PMU: hw unit of domain pp0-core 2^-14 Joules
Jan 12 16:44:35 hydenix kernel: RAPL PMU: hw unit of domain package 2^-14 Joules
Jan 12 16:44:35 hydenix kernel: RAPL PMU: hw unit of domain dram 2^-14 Joules
Jan 12 16:44:35 hydenix kernel: RAPL PMU: hw unit of domain pp1-gpu 2^-14 Joules
Jan 12 16:44:35 hydenix kernel: iwlwifi 0000:00:14.3: Detected crf-id 0x3617, cnv-id 0x20000302 wfpm id 0x80000000
Jan 12 16:44:35 hydenix kernel: iwlwifi 0000:00:14.3: PCI dev 06f0/0074, rev=0x351, rfid=0x10a100
Jan 12 16:44:35 hydenix kernel: iwlwifi 0000:00:14.3: Detected Intel(R) Wi-Fi 6 AX201 160MHz
Jan 12 16:44:35 hydenix kernel: mei_hdcp 0000:00:16.0-b638ab7e-94e2-4ea2-a552-d1c54b627f04: bound 0000:00:02.0 (ops i915_hdcp_ops [i915])
Jan 12 16:44:35 hydenix kernel: videodev: Linux video capture interface: v2.00
Jan 12 16:44:35 hydenix kernel: spi-nor spi0.0: supply vcc not found, using dummy regulator
Jan 12 16:44:35 hydenix kernel: iTCO_wdt iTCO_wdt: Found a Intel PCH TCO device (Version=6, TCOBASE=0x0400)
Jan 12 16:44:35 hydenix kernel: iTCO_wdt iTCO_wdt: initialized. heartbeat=30 sec (nowayout=0)
Jan 12 16:44:35 hydenix kernel: iwlwifi 0000:00:14.3: loaded firmware version 77.f39cc7f9.0 QuZ-a0-hr-b0-77.ucode op_mode iwlmvm
Jan 12 16:44:35 hydenix systemd[1]: Started Load/Save RF Kill Switch Status.
Jan 12 16:44:35 hydenix kernel: intel_rapl_common: Found RAPL domain package
Jan 12 16:44:35 hydenix kernel: intel_rapl_common: Found RAPL domain dram
Jan 12 16:44:35 hydenix kernel: scsi host1: uas
Jan 12 16:44:35 hydenix kernel: usbcore: registered new interface driver btusb
Jan 12 16:44:35 hydenix kernel: Bluetooth: hci0: Bootloader revision 0.4 build 0 week 30 2018
Jan 12 16:44:35 hydenix kernel: Bluetooth: hci0: Device revision is 2
Jan 12 16:44:35 hydenix kernel: Bluetooth: hci0: Secure boot is enabled
Jan 12 16:44:35 hydenix kernel: Bluetooth: hci0: OTP lock is enabled
Jan 12 16:44:35 hydenix kernel: Bluetooth: hci0: API lock is enabled
Jan 12 16:44:35 hydenix kernel: Bluetooth: hci0: Debug lock is disabled
Jan 12 16:44:35 hydenix kernel: Bluetooth: hci0: Minimum firmware build 1 week 10 2014
Jan 12 16:44:35 hydenix kernel: usbcore: registered new interface driver uas
Jan 12 16:44:35 hydenix kernel: scsi 1:0:0:0: Direct-Access     SanDisk  Portable SSD     6004 PQ: 0 ANSI: 6
Jan 12 16:44:35 hydenix kernel: Bluetooth: hci0: Found device firmware: intel/ibt-19-0-4.sfi
Jan 12 16:44:35 hydenix kernel: Bluetooth: hci0: Boot Address: 0x24800
Jan 12 16:44:35 hydenix kernel: Bluetooth: hci0: Firmware Version: 193-33.24
Jan 12 16:44:35 hydenix kernel: pps_core: LinuxPPS API ver. 1 registered
Jan 12 16:44:35 hydenix kernel: pps_core: Software ver. 5.3.6 - Copyright 2005-2007 Rodolfo Giometti <giometti@linux.it>
Jan 12 16:44:35 hydenix kernel: Creating 1 MTD partitions on "0000:00:1f.5":
Jan 12 16:44:35 hydenix kernel: 0x000000000000-0x000001000000 : "BIOS"
Jan 12 16:44:35 hydenix kernel: PTP clock support registered
Jan 12 16:44:35 hydenix kernel: snd_hda_intel 0000:00:1f.3: enabling device (0000 -> 0002)
Jan 12 16:44:35 hydenix kernel: NVRM: loading NVIDIA UNIX Open Kernel Module for x86_64  580.119.02  Release Build  (nixbld@)  
Jan 12 16:44:35 hydenix kernel: snd_hda_intel 0000:00:1f.3: bound 0000:00:02.0 (ops intel_audio_component_bind_ops [i915])
Jan 12 16:44:35 hydenix kernel: r8169 0000:07:00.0: can't disable ASPM; OS doesn't have ASPM control
Jan 12 16:44:35 hydenix kernel: intel_tcc_cooling: Programmable TCC Offset detected
Jan 12 16:44:35 hydenix kernel: input: ELAN050A:01 04F3:3158 Mouse as /devices/pci0000:00/0000:00:15.1/i2c_designware.1/i2c-6/i2c-ELAN050A:01/0018:04F3:3158.0005/input/input16
Jan 12 16:44:35 hydenix kernel: input: ELAN050A:01 04F3:3158 Touchpad as /devices/pci0000:00/0000:00:15.1/i2c_designware.1/i2c-6/i2c-ELAN050A:01/0018:04F3:3158.0005/input/input18
Jan 12 16:44:35 hydenix kernel: hid-multitouch 0018:04F3:3158.0005: input,hidraw4: I2C HID v1.00 Mouse [ELAN050A:01 04F3:3158] on i2c-ELAN050A:01
Jan 12 16:44:35 hydenix kernel: uvcvideo 1-5:1.0: Found UVC 1.00 device HD User Facing (0408:a061)
Jan 12 16:44:35 hydenix kernel: r8169 0000:07:00.0 eth0: RTL8168h/8111h, 08:8f:c3:08:f8:4a, XID 541, IRQ 154
Jan 12 16:44:35 hydenix kernel: r8169 0000:07:00.0 eth0: jumbo features [frames: 9194 bytes, tx checksumming: ko]
Jan 12 16:44:35 hydenix systemd[1]: Load Kernel Module efi_pstore was skipped because of an unmet condition check (ConditionKernelModuleLoaded=!efi_pstore).
Jan 12 16:44:35 hydenix systemd[1]: File System Check on Root Device was skipped because of an unmet condition check (ConditionPathIsReadWrite=!/).
Jan 12 16:44:35 hydenix systemd[1]: Clear Stale Hibernate Storage Info was skipped because of an unmet condition check (ConditionPathExists=/sys/firmware/efi/efivars/HibernateLocation-8cf2644b-4b0b-428f-9387-6d876050dc67).
Jan 12 16:44:35 hydenix systemd[1]: Platform Persistent Storage Archival was skipped because of an unmet condition check (ConditionDirectoryNotEmpty=/sys/fs/pstore).
Jan 12 16:44:35 hydenix systemd[1]: Early TPM SRK Setup was skipped because of an unmet condition check (ConditionSecurity=measured-uki).
Jan 12 16:44:35 hydenix systemd[1]: TPM SRK Setup was skipped because of an unmet condition check (ConditionSecurity=measured-uki).
Jan 12 16:44:35 hydenix (udev-worker)[539]: nvidia: Process '/nix/store/rlq03x4cwf8zn73hxaxnx0zn5q9kifls-bash-5.3p3/bin/bash -c 'mknod -m 666 /dev/nvidiactl c 195 255'' failed with exit code 1.
Jan 12 16:44:35 hydenix kernel: r8169 0000:07:00.0 enp7s0: renamed from eth0
Jan 12 16:44:35 hydenix kernel: usbcore: registered new interface driver uvcvideo
Jan 12 16:44:35 hydenix kernel: sd 1:0:0:0: [sda] 1953525168 512-byte logical blocks: (1.00 TB/932 GiB)
Jan 12 16:44:35 hydenix kernel: sd 1:0:0:0: [sda] Write Protect is off
Jan 12 16:44:35 hydenix kernel: sd 1:0:0:0: [sda] Mode Sense: 37 00 10 00
Jan 12 16:44:35 hydenix kernel: sd 1:0:0:0: [sda] Write cache: enabled, read cache: enabled, supports DPO and FUA
Jan 12 16:44:35 hydenix kernel: snd_hda_codec_alc269 hdaudioC0D0: ALC295: picked fixup  for PCI SSID 1025:0000
Jan 12 16:44:35 hydenix kernel: snd_hda_codec_alc269 hdaudioC0D0: autoconfig for ALC295: line_outs=1 (0x14/0x0/0x0/0x0/0x0) type:speaker
Jan 12 16:44:35 hydenix kernel: snd_hda_codec_alc269 hdaudioC0D0:    speaker_outs=0 (0x0/0x0/0x0/0x0/0x0)
Jan 12 16:44:35 hydenix kernel: snd_hda_codec_alc269 hdaudioC0D0:    hp_outs=1 (0x21/0x0/0x0/0x0/0x0)
Jan 12 16:44:35 hydenix kernel: snd_hda_codec_alc269 hdaudioC0D0:    mono: mono_out=0x0
Jan 12 16:44:35 hydenix kernel: snd_hda_codec_alc269 hdaudioC0D0:    inputs:
Jan 12 16:44:35 hydenix kernel: snd_hda_codec_alc269 hdaudioC0D0:      Mic=0x12
Jan 12 16:44:35 hydenix kernel: sd 1:0:0:0: [sda] Preferred minimum I/O size 512 bytes
Jan 12 16:44:35 hydenix kernel: sd 1:0:0:0: [sda] Optimal transfer size 1048576 bytes
Jan 12 16:44:36 hydenix kernel:  sda: sda1
Jan 12 16:44:36 hydenix kernel: sd 1:0:0:0: [sda] Attached SCSI disk
Jan 12 16:44:36 hydenix kernel: nvidia-modeset: Loading NVIDIA UNIX Open Kernel Mode Setting Driver for x86_64  580.119.02  Release Build  (nixbld@)  
Jan 12 16:44:36 hydenix kernel: [drm] [nvidia-drm] [GPU ID 0x00000100] Loading driver
Jan 12 16:44:36 hydenix systemd[1]: Mounting /boot...
Jan 12 16:44:36 hydenix systemd[1]: Mounting /run/wrappers...
Jan 12 16:44:36 hydenix systemd[1]: Mounted /run/wrappers.
Jan 12 16:44:36 hydenix systemd[1]: Starting Create SUID/SGID Wrappers...
Jan 12 16:44:36 hydenix kernel: iwlwifi 0000:00:14.3: Detected RF HR B5, rfid=0x10a100
Jan 12 16:44:36 hydenix systemd[1]: Mounted /boot.
Jan 12 16:44:36 hydenix systemd[1]: Reached target Local File Systems.
Jan 12 16:44:36 hydenix systemd[1]: Listening on Boot Entries Service Socket.
Jan 12 16:44:36 hydenix systemd-timesyncd[493]: Network configuration changed, trying to establish connection.
Jan 12 16:44:36 hydenix systemd[1]: Starting Update Boot Loader Random Seed...
Jan 12 16:44:36 hydenix systemd[1]: Save Transient machine-id to Disk was skipped because of an unmet condition check (ConditionPathIsMountPoint=/etc/machine-id).
Jan 12 16:44:36 hydenix systemd[1]: Starting Create System Files and Directories...
Jan 12 16:44:36 hydenix systemd-tmpfiles[677]: /etc/tmpfiles.d/00-nixos.conf:7: Failed to substitute specifiers in argument: Invalid slot
Jan 12 16:44:36 hydenix systemd-tmpfiles[677]: Detected autofs mount point /mnt/arik_s_disk during canonicalization of mnt/arik_s_disk.
Jan 12 16:44:36 hydenix systemd-tmpfiles[677]: Skipping /mnt/arik_s_disk
Jan 12 16:44:36 hydenix bootctl[674]: Random seed file /boot/loader/random-seed successfully refreshed (32 bytes).
Jan 12 16:44:36 hydenix systemd[1]: Finished Update Boot Loader Random Seed.
Jan 12 16:44:36 hydenix systemd-tmpfiles[677]: Detected autofs mount point /mnt/arik_s_disk during canonicalization of mnt/arik_s_disk.
Jan 12 16:44:36 hydenix systemd-tmpfiles[677]: Skipping /mnt/arik_s_disk
Jan 12 16:44:36 hydenix systemd-timesyncd[493]: Network configuration changed, trying to establish connection.
Jan 12 16:44:36 hydenix systemd-timesyncd[493]: Network configuration changed, trying to establish connection.
Jan 12 16:44:36 hydenix systemd-timesyncd[493]: Network configuration changed, trying to establish connection.
Jan 12 16:44:36 hydenix systemd[1]: Finished Create System Files and Directories.
Jan 12 16:44:36 hydenix systemd[1]: Rebuild Journal Catalog was skipped because of an unmet condition check (ConditionNeedsUpdate=/var).
Jan 12 16:44:36 hydenix systemd[1]: Update is Completed was skipped because no trigger condition checks were met.
Jan 12 16:44:36 hydenix systemd[1]: Starting Record System Boot/Shutdown in UTMP...
Jan 12 16:44:36 hydenix systemd[1]: Finished Record System Boot/Shutdown in UTMP.
Jan 12 16:44:36 hydenix kernel: iwlwifi 0000:00:14.3: base HW address: a8:64:f1:5d:b9:48
Jan 12 16:44:36 hydenix kernel: iwlwifi 0000:00:14.3 wlp0s20f3: renamed from wlan0
Jan 12 16:44:36 hydenix systemd[1]: suid-sgid-wrappers.service: Deactivated successfully.
Jan 12 16:44:36 hydenix systemd[1]: Finished Create SUID/SGID Wrappers.
Jan 12 16:44:36 hydenix systemd[1]: suid-sgid-wrappers.service: Consumed 85ms CPU time, 8.1M memory peak, 3.1M read from disk.
Jan 12 16:44:36 hydenix systemd-modules-load[482]: Inserted module 'nvidia_uvm'
Jan 12 16:44:36 hydenix systemd-modules-load[482]: Inserted module 'uinput'
Jan 12 16:44:36 hydenix systemd[1]: Finished Load Kernel Modules.
Jan 12 16:44:36 hydenix systemd[1]: Starting Firewall...
Jan 12 16:44:36 hydenix systemd[1]: Starting Apply Kernel Variables...
Jan 12 16:44:36 hydenix systemd[1]: Finished Apply Kernel Variables.
Jan 12 16:44:36 hydenix systemd[1]: Reached target System Initialization.
Jan 12 16:44:36 hydenix systemd[1]: Started Discard unused filesystem blocks once a week.
Jan 12 16:44:36 hydenix systemd[1]: Started Refresh fwupd metadata regularly.
Jan 12 16:44:36 hydenix systemd[1]: Started logrotate.timer.
Jan 12 16:44:36 hydenix systemd[1]: Started Daily Cleanup of Temporary Directories.
Jan 12 16:44:36 hydenix systemd[1]: Reached target Timer Units.
Jan 12 16:44:36 hydenix systemd[1]: Listening on D-Bus System Message Bus Socket.
Jan 12 16:44:36 hydenix systemd[1]: Listening on Nix Daemon Socket.
Jan 12 16:44:36 hydenix systemd[1]: Listening on OpenSSH Server Socket (systemd-ssh-generator, AF_UNIX Local).
Jan 12 16:44:36 hydenix systemd[1]: Listening on Hostname Service Socket.
Jan 12 16:44:36 hydenix systemd-timesyncd[493]: Network configuration changed, trying to establish connection.
Jan 12 16:44:36 hydenix systemd[1]: Reached target Socket Units.
Jan 12 16:44:36 hydenix systemd[1]: Starting D-Bus System Message Bus...
Jan 12 16:44:36 hydenix systemd-timesyncd[493]: Network configuration changed, trying to establish connection.
Jan 12 16:44:36 hydenix dbus-broker-launch[800]: Ignoring duplicate name 'fi.w1.wpa_supplicant1' in service file '/nix/store/1waa4vy63yk637dnv9hf1r0rgz0slsg0-wpa_supplicant-2.11/share/dbus-1/system-services/fi.w1.wpa_supplicant1.service'
Jan 12 16:44:36 hydenix dbus-broker-launch[800]: Ignoring duplicate name 'org.freedesktop.nm_dispatcher' in service file '/nix/store/zn1qnf3cx8g44zi1mnh60vrr4m0yq2rg-networkmanager-1.54.3/share/dbus-1/system-services/org.freedesktop.nm_dispatcher.service'
